Archive member included because of file (symbol)

c:/program files/atmel/atmel toolchain/avr8 gcc/native/3.4.1051/avr8-gnu-toolchain/bin/../lib/gcc/avr/4.8.1/../../../../avr/lib/avr6\libm.a(addsf3.o)
                              libs/Print.o (__subsf3)
c:/program files/atmel/atmel toolchain/avr8 gcc/native/3.4.1051/avr8-gnu-toolchain/bin/../lib/gcc/avr/4.8.1/../../../../avr/lib/avr6\libm.a(addsf3x.o)
                              c:/program files/atmel/atmel toolchain/avr8 gcc/native/3.4.1051/avr8-gnu-toolchain/bin/../lib/gcc/avr/4.8.1/../../../../avr/lib/avr6\libm.a(addsf3.o) (__addsf3x)
c:/program files/atmel/atmel toolchain/avr8 gcc/native/3.4.1051/avr8-gnu-toolchain/bin/../lib/gcc/avr/4.8.1/../../../../avr/lib/avr6\libm.a(cmpsf2.o)
                              libs/Print.o (__ltsf2)
c:/program files/atmel/atmel toolchain/avr8 gcc/native/3.4.1051/avr8-gnu-toolchain/bin/../lib/gcc/avr/4.8.1/../../../../avr/lib/avr6\libm.a(divsf3.o)
                              libs/Print.o (__divsf3)
c:/program files/atmel/atmel toolchain/avr8 gcc/native/3.4.1051/avr8-gnu-toolchain/bin/../lib/gcc/avr/4.8.1/../../../../avr/lib/avr6\libm.a(divsf3x.o)
                              c:/program files/atmel/atmel toolchain/avr8 gcc/native/3.4.1051/avr8-gnu-toolchain/bin/../lib/gcc/avr/4.8.1/../../../../avr/lib/avr6\libm.a(divsf3.o) (__divsf3x)
c:/program files/atmel/atmel toolchain/avr8 gcc/native/3.4.1051/avr8-gnu-toolchain/bin/../lib/gcc/avr/4.8.1/../../../../avr/lib/avr6\libm.a(fixsfsi.o)
                              libs/Print.o (__fixsfsi)
c:/program files/atmel/atmel toolchain/avr8 gcc/native/3.4.1051/avr8-gnu-toolchain/bin/../lib/gcc/avr/4.8.1/../../../../avr/lib/avr6\libm.a(fixunssfsi.o)
                              libs/Print.o (__fixunssfsi)
c:/program files/atmel/atmel toolchain/avr8 gcc/native/3.4.1051/avr8-gnu-toolchain/bin/../lib/gcc/avr/4.8.1/../../../../avr/lib/avr6\libm.a(floatsisf.o)
                              libs/Print.o (__floatunsisf)
c:/program files/atmel/atmel toolchain/avr8 gcc/native/3.4.1051/avr8-gnu-toolchain/bin/../lib/gcc/avr/4.8.1/../../../../avr/lib/avr6\libm.a(fp_cmp.o)
                              c:/program files/atmel/atmel toolchain/avr8 gcc/native/3.4.1051/avr8-gnu-toolchain/bin/../lib/gcc/avr/4.8.1/../../../../avr/lib/avr6\libm.a(cmpsf2.o) (__fp_cmp)
c:/program files/atmel/atmel toolchain/avr8 gcc/native/3.4.1051/avr8-gnu-toolchain/bin/../lib/gcc/avr/4.8.1/../../../../avr/lib/avr6\libm.a(fp_inf.o)
                              c:/program files/atmel/atmel toolchain/avr8 gcc/native/3.4.1051/avr8-gnu-toolchain/bin/../lib/gcc/avr/4.8.1/../../../../avr/lib/avr6\libm.a(addsf3x.o) (__fp_inf)
c:/program files/atmel/atmel toolchain/avr8 gcc/native/3.4.1051/avr8-gnu-toolchain/bin/../lib/gcc/avr/4.8.1/../../../../avr/lib/avr6\libm.a(fp_nan.o)
                              c:/program files/atmel/atmel toolchain/avr8 gcc/native/3.4.1051/avr8-gnu-toolchain/bin/../lib/gcc/avr/4.8.1/../../../../avr/lib/avr6\libm.a(addsf3x.o) (__fp_nan)
c:/program files/atmel/atmel toolchain/avr8 gcc/native/3.4.1051/avr8-gnu-toolchain/bin/../lib/gcc/avr/4.8.1/../../../../avr/lib/avr6\libm.a(fp_pscA.o)
                              c:/program files/atmel/atmel toolchain/avr8 gcc/native/3.4.1051/avr8-gnu-toolchain/bin/../lib/gcc/avr/4.8.1/../../../../avr/lib/avr6\libm.a(addsf3x.o) (__fp_pscA)
c:/program files/atmel/atmel toolchain/avr8 gcc/native/3.4.1051/avr8-gnu-toolchain/bin/../lib/gcc/avr/4.8.1/../../../../avr/lib/avr6\libm.a(fp_pscB.o)
                              c:/program files/atmel/atmel toolchain/avr8 gcc/native/3.4.1051/avr8-gnu-toolchain/bin/../lib/gcc/avr/4.8.1/../../../../avr/lib/avr6\libm.a(addsf3x.o) (__fp_pscB)
c:/program files/atmel/atmel toolchain/avr8 gcc/native/3.4.1051/avr8-gnu-toolchain/bin/../lib/gcc/avr/4.8.1/../../../../avr/lib/avr6\libm.a(fp_round.o)
                              c:/program files/atmel/atmel toolchain/avr8 gcc/native/3.4.1051/avr8-gnu-toolchain/bin/../lib/gcc/avr/4.8.1/../../../../avr/lib/avr6\libm.a(addsf3.o) (__fp_round)
c:/program files/atmel/atmel toolchain/avr8 gcc/native/3.4.1051/avr8-gnu-toolchain/bin/../lib/gcc/avr/4.8.1/../../../../avr/lib/avr6\libm.a(fp_split3.o)
                              c:/program files/atmel/atmel toolchain/avr8 gcc/native/3.4.1051/avr8-gnu-toolchain/bin/../lib/gcc/avr/4.8.1/../../../../avr/lib/avr6\libm.a(addsf3x.o) (__fp_split3)
c:/program files/atmel/atmel toolchain/avr8 gcc/native/3.4.1051/avr8-gnu-toolchain/bin/../lib/gcc/avr/4.8.1/../../../../avr/lib/avr6\libm.a(fp_zero.o)
                              c:/program files/atmel/atmel toolchain/avr8 gcc/native/3.4.1051/avr8-gnu-toolchain/bin/../lib/gcc/avr/4.8.1/../../../../avr/lib/avr6\libm.a(addsf3x.o) (__fp_zero)
c:/program files/atmel/atmel toolchain/avr8 gcc/native/3.4.1051/avr8-gnu-toolchain/bin/../lib/gcc/avr/4.8.1/../../../../avr/lib/avr6\libm.a(gesf2.o)
                              libs/Print.o (__gtsf2)
[...]
Memory Configuration

Name             Origin             Length             Attributes
text             0x00000000         0x00100000         xr
data             0x00800200         0x0000fe00         rw !x
eeprom           0x00810000         0x00010000         rw !x
fuse             0x00820000         0x00000400         rw !x
lock             0x00830000         0x00000400         rw !x
signature        0x00840000         0x00000400         rw !x
user_signatures  0x00850000         0x00000400         rw !x
*default*        0x00000000         0xffffffff

Linker script and memory map

Address of section .data set to 0x800200
LOAD c:/program files/atmel/atmel toolchain/avr8 gcc/native/3.4.1051/avr8-gnu-toolchain/bin/../lib/gcc/avr/4.8.1/../../../../avr/lib/avr6/crtm256rfr2.o
LOAD libs/CDC.o
LOAD libs/HardwareSerial.o
LOAD libs/HardwareSerial0.o
LOAD libs/HardwareSerial1.o
LOAD libs/HardwareSerial2.o
LOAD libs/HardwareSerial3.o
LOAD libs/HID.o
LOAD libs/hooks.o
LOAD libs/IPAddress.o
LOAD libs/main.o
LOAD libs/new.o
LOAD libs/Print.o
LOAD libs/Stream.o
LOAD libs/Tone.o
LOAD libs/USBCore.o
LOAD libs/WInterrupts.o
LOAD libs/wiring.o
LOAD libs/wiring_analog.o
LOAD libs/wiring_digital.o
LOAD libs/wiring_pulse.o
LOAD libs/wiring_shift.o
LOAD libs/WMath.o
LOAD libs/WString.o
LOAD libs/SPI.o
LOAD libs/twi.o
LOAD libs/Wire.o
LOAD libs/bitlash.o
LOAD libs/GSClient.o
LOAD libs/GSCore.o
LOAD libs/GSModule.o
LOAD libs/GSTcpClient.o
LOAD libs/GSUdpClient.o
LOAD libs/GSUdpServer.o
LOAD libs/j0g.o
LOAD libs/js0n.o
LOAD libs/nwk.o
LOAD libs/nwkDataReq.o
LOAD libs/nwkFrame.o
LOAD libs/nwkGroup.o
LOAD libs/nwkRoute.o
LOAD libs/nwkRouteDiscovery.o
LOAD libs/nwkRx.o
LOAD libs/nwkSecurity.o
LOAD libs/nwkTx.o
LOAD libs/phy.o
LOAD libs/sys.o
LOAD libs/sysEncrypt.o
LOAD libs/sysTimer.o
LOAD libs/Pbbe.o
LOAD libs/PBBP.o
LOAD libs/Backpack.o
LOAD libs/Backpacks.o
LOAD libs/WiFiBackpack.o
LOAD libs/HqInfo.o
LOAD libs/key.o
LOAD libs/Flash.o
LOAD libs/halFuelGauge.o
LOAD libs/halRgbLed.o
LOAD libs/halTemperature.o
LOAD libs/Pinoccio.o
LOAD libs/Scout.o
LOAD libs/ScoutHandler.o
LOAD libs/Shell.o
LOAD libs/memdebug.o
LOAD libs/StringBuffer.o
LOAD Bootstrap.o
START GROUP
LOAD c:/program files/atmel/atmel toolchain/avr8 gcc/native/3.4.1051/avr8-gnu-toolchain/bin/../lib/gcc/avr/4.8.1/../../../../avr/lib/avr6\libm.a
LOAD ../../../../pinoccio16mhz\libcore.a
END GROUP
LOAD c:/program files/atmel/atmel toolchain/avr8 gcc/native/3.4.1051/avr8-gnu-toolchain/bin/../lib/gcc/avr/4.8.1/avr6\libgcc.a
LOAD c:/program files/atmel/atmel toolchain/avr8 gcc/native/3.4.1051/avr8-gnu-toolchain/bin/../lib/gcc/avr/4.8.1/../../../../avr/lib/avr6\libm.a
START GROUP
LOAD c:/program files/atmel/atmel toolchain/avr8 gcc/native/3.4.1051/avr8-gnu-toolchain/bin/../lib/gcc/avr/4.8.1/avr6\libgcc.a
LOAD c:/program files/atmel/atmel toolchain/avr8 gcc/native/3.4.1051/avr8-gnu-toolchain/bin/../lib/gcc/avr/4.8.1/../../../../avr/lib/avr6\libm.a
LOAD c:/program files/atmel/atmel toolchain/avr8 gcc/native/3.4.1051/avr8-gnu-toolchain/bin/../lib/gcc/avr/4.8.1/../../../../avr/lib/avr6\libc.a
END GROUP

.hash
 *(.hash)

.dynsym
 *(.dynsym)

.dynstr
 *(.dynstr)

.gnu.version
 *(.gnu.version)

.gnu.version_d
 *(.gnu.version_d)

.gnu.version_r
 *(.gnu.version_r)

.rel.init
 *(.rel.init)

.rela.init
 *(.rela.init)

.rel.text
 *(.rel.text)
 *(.rel.text.*)
 *(.rel.gnu.linkonce.t*)

.rela.text
 *(.rela.text)
 *(.rela.text.*)
 *(.rela.gnu.linkonce.t*)

.rel.fini
 *(.rel.fini)

.rela.fini
 *(.rela.fini)

.rel.rodata
 *(.rel.rodata)
 *(.rel.rodata.*)
 *(.rel.gnu.linkonce.r*)

.rela.rodata
 *(.rela.rodata)
 *(.rela.rodata.*)
 *(.rela.gnu.linkonce.r*)

.rel.data
 *(.rel.data)
 *(.rel.data.*)
 *(.rel.gnu.linkonce.d*)

.rela.data
 *(.rela.data)
 *(.rela.data.*)
 *(.rela.gnu.linkonce.d*)

.rel.ctors
 *(.rel.ctors)

.rela.ctors
 *(.rela.ctors)

.rel.dtors
 *(.rel.dtors)

.rela.dtors
 *(.rela.dtors)

.rel.got
 *(.rel.got)

.rela.got
 *(.rela.got)

.rel.bss
 *(.rel.bss)

.rela.bss
 *(.rela.bss)

.rel.plt
 *(.rel.plt)

.rela.plt
 *(.rela.plt)

.text           0x00000000    0x17380
 *(.vectors)
 .vectors       0x00000000      0x134 c:/program files/atmel/atmel toolchain/avr8 gcc/native/3.4.1051/avr8-gnu-toolchain/bin/../lib/gcc/avr/4.8.1/../../../../avr/lib/avr6/crtm256rfr2.o
                0x00000000                __vector_default
                0x00000000                __vectors
 *(.vectors)
 *(.progmem.gcc*)
 .progmem.gcc_sw_table.analogWrite
                0x00000134       0x22 libs/wiring_analog.o
 .progmem.gcc_sw_table.turnOffPWM
                0x00000156       0x22 libs/wiring_digital.o
 .progmem.gcc_sw_table.__vector_39
                0x00000178      0x192 libs/twi.o
 .progmem.gcc_sw_table._ZN6GSCore19processResponseLineEPKhhPh
                0x0000030a       0x20 libs/GSCore.o
 .progmem.gcc_sw_table._ZN6GSCore15processIncomingEi
                0x0000032a       0x12 libs/GSCore.o
                0x0000033c                . = ALIGN (0x2)
                0x0000033c                __trampolines_start = .
 *(.trampolines)
 .trampolines   0x0000033c        0x0 linker stubs
 *(.trampolines*)
                0x0000033c                __trampolines_end = .
 *(.progmem*)
 .progmem.data._ZL21tone_pin_to_timer_PGM
                0x0000033c        0x1 libs/Tone.o
 .progmem.data.digital_pin_to_timer_PGM
                0x0000033d       0x20 libs/wiring_digital.o
                0x0000033d                digital_pin_to_timer_PGM
 .progmem.data.digital_pin_to_bit_mask_PGM
                0x0000035d       0x20 libs/wiring_digital.o
                0x0000035d                digital_pin_to_bit_mask_PGM
 .progmem.data.digital_pin_to_port_PGM
                0x0000037d       0x20 libs/wiring_digital.o
                0x0000037d                digital_pin_to_port_PGM
 .progmem.data.port_to_input_PGM
                0x0000039d       0x1a libs/wiring_digital.o
                0x0000039d                port_to_input_PGM
 .progmem.data.port_to_output_PGM
                0x000003b7       0x1a libs/wiring_digital.o
                0x000003b7                port_to_output_PGM
 .progmem.data.port_to_mode_PGM
                0x000003d1       0x1a libs/wiring_digital.o
                0x000003d1                port_to_mode_PGM
 .progmem.data._ZL11twocharsyms
                0x000003eb        0xc libs/bitlash.o
 .progmem.data._ZL13twochartokens
                0x000003f7       0x19 libs/bitlash.o
 .progmem.data._ZL17reservedwordtypes
                0x00000410       0x10 libs/bitlash.o
 .progmem.data._ZL9chartypes
                0x00000420       0x40 libs/bitlash.o
 .progmem.data._ZL7strings
                0x00000460       0xb6 libs/bitlash.o
 .progmem.data._ZL13builtin_table
                0x00000516       0x55 libs/bitlash.o
 .progmem.data._ZL14function_table
                0x0000056b       0x3c libs/bitlash.o
 .progmem.data._ZL8helptext
                0x000005a7       0xb1 libs/bitlash.o
 .progmem.data.reservedwords
                0x00000658       0x51 libs/bitlash.o
                0x00000658                reservedwords
 .progmem.data.functiondict
                0x000006a9       0x98 libs/bitlash.o
                0x000006a9                functiondict
 .progmem.data._ZZN4Pbbe12updateEepromEPNS_6EepromEjPKhhE3__c_0
                0x00000741       0x39 libs/Pbbe.o
 .progmem.data._ZZN4Pbbe12updateEepromEPNS_6EepromEjPKhhE3__c
                0x0000077a       0x35 libs/Pbbe.o
 .progmem.data._ZZN4Pbbe16parseDescriptorAEPKNS_6EepromEPNS_14DescriptorInfoEE3__c
                0x000007af       0x30 libs/Pbbe.o
 .progmem.data._ZL11uart_speeds
                0x000007df       0x2c libs/Pbbe.o
 .progmem.data._ZL10i2c_speeds
                0x0000080b        0x8 libs/Pbbe.o
 .progmem.data._ZL20descriptor_type_info
                0x00000813       0x58 libs/Pbbe.o
 .progmem.data._ZN4Pbbe17physical_pin_infoE
                0x0000086b       0xc6 libs/Pbbe.o
                0x0000086b                _ZN4Pbbe17physical_pin_infoE
 .progmem.data._ZZN9HalRgbLed12triggerEventEvE3__c_2
                0x00000931        0x2 libs/halRgbLed.o
 .progmem.data._ZZN9HalRgbLed12triggerEventEvE3__c_1
                0x00000933        0x2 libs/halRgbLed.o
 .progmem.data._ZZN9HalRgbLed12triggerEventEvE3__c_0
                0x00000935        0x2 libs/halRgbLed.o
 .progmem.data._ZZN9HalRgbLed12triggerEventEvE3__c
                0x00000937       0x1a libs/halRgbLed.o
 .progmem.data._ZZN13PinoccioClass15getDataRatekbpsEvE3__c_3
                0x00000951        0x8 libs/Pinoccio.o
 .progmem.data._ZZN13PinoccioClass15getDataRatekbpsEvE3__c_2
                0x00000959        0x7 libs/Pinoccio.o
 .progmem.data._ZZN13PinoccioClass15getDataRatekbpsEvE3__c_1
                0x00000960        0x7 libs/Pinoccio.o
 .progmem.data._ZZN13PinoccioClass15getDataRatekbpsEvE3__c_0
                0x00000967        0x9 libs/Pinoccio.o
 .progmem.data._ZZN13PinoccioClass15getDataRatekbpsEvE3__c
                0x00000970        0x9 libs/Pinoccio.o
 .progmem.data._ZZN13PinoccioClass12getTxPowerDbEvE3__c_15
                0x00000979        0x8 libs/Pinoccio.o
 .progmem.data._ZZN13PinoccioClass12getTxPowerDbEvE3__c_14
                0x00000981        0xa libs/Pinoccio.o
 .progmem.data._ZZN13PinoccioClass12getTxPowerDbEvE3__c_13
                0x0000098b        0xa libs/Pinoccio.o
 .progmem.data._ZZN13PinoccioClass12getTxPowerDbEvE3__c_12
                0x00000995        0x9 libs/Pinoccio.o
 .progmem.data._ZZN13PinoccioClass12getTxPowerDbEvE3__c_11
                0x0000099e        0x9 libs/Pinoccio.o
 .progmem.data._ZZN13PinoccioClass12getTxPowerDbEvE3__c_10
                0x000009a7        0x9 libs/Pinoccio.o
 .progmem.data._ZZN13PinoccioClass12getTxPowerDbEvE3__c_9
                0x000009b0        0x9 libs/Pinoccio.o
 .progmem.data._ZZN13PinoccioClass12getTxPowerDbEvE3__c_8
                0x000009b9        0x9 libs/Pinoccio.o
 .progmem.data._ZZN13PinoccioClass12getTxPowerDbEvE3__c_7
                0x000009c2        0x9 libs/Pinoccio.o
 .progmem.data._ZZN13PinoccioClass12getTxPowerDbEvE3__c_6
                0x000009cb        0x9 libs/Pinoccio.o
 .progmem.data._ZZN13PinoccioClass12getTxPowerDbEvE3__c_5
                0x000009d4        0x8 libs/Pinoccio.o
 .progmem.data._ZZN13PinoccioClass12getTxPowerDbEvE3__c_4
                0x000009dc        0x8 libs/Pinoccio.o
 .progmem.data._ZZN13PinoccioClass12getTxPowerDbEvE3__c_3
                0x000009e4        0x8 libs/Pinoccio.o
 .progmem.data._ZZN13PinoccioClass12getTxPowerDbEvE3__c_2
                0x000009ec        0x8 libs/Pinoccio.o
 .progmem.data._ZZN13PinoccioClass12getTxPowerDbEvE3__c_1
                0x000009f4        0x8 libs/Pinoccio.o
 .progmem.data._ZZN13PinoccioClass12getTxPowerDbEvE3__c_0
                0x000009fc        0x8 libs/Pinoccio.o
 .progmem.data._ZZN13PinoccioClass12getTxPowerDbEvE3__c
                0x00000a04        0x8 libs/Pinoccio.o
 .progmem.data._ZZN13PinoccioClass17getLastResetCauseEvE3__c_4
                0x00000a0c       0x14 libs/Pinoccio.o
 .progmem.data._ZZN13PinoccioClass17getLastResetCauseEvE3__c_3
                0x00000a20        0x5 libs/Pinoccio.o
 .progmem.data._ZZN13PinoccioClass17getLastResetCauseEvE3__c_2
                0x00000a25        0x9 libs/Pinoccio.o
 .progmem.data._ZZN13PinoccioClass17getLastResetCauseEvE3__c_1
                0x00000a2e        0xa libs/Pinoccio.o
 .progmem.data._ZZN13PinoccioClass17getLastResetCauseEvE3__c_0
                0x00000a38        0x9 libs/Pinoccio.o
 .progmem.data._ZZN13PinoccioClass17getLastResetCauseEvE3__c
                0x00000a41        0x9 libs/Pinoccio.o
 .progmem.data._ZZL35scoutDigitalStateChangeTimerHandlerP11SYS_Timer_tE3__c_2
                0x00000a4a        0x2 libs/Scout.o
 .progmem.data._ZZL35scoutDigitalStateChangeTimerHandlerP11SYS_Timer_tE3__c_1
                0x00000a4c        0x2 libs/Scout.o
 .progmem.data._ZZL35scoutDigitalStateChangeTimerHandlerP11SYS_Timer_tE3__c_0
                0x00000a4e        0x2 libs/Scout.o
 .progmem.data._ZZL35scoutDigitalStateChangeTimerHandlerP11SYS_Timer_tE3__c
                0x00000a50       0x21 libs/Scout.o
 .progmem.data._ZZL34scoutAnalogStateChangeTimerHandlerP11SYS_Timer_tE3__c_2
                0x00000a71        0x2 libs/Scout.o
 .progmem.data._ZZL34scoutAnalogStateChangeTimerHandlerP11SYS_Timer_tE3__c_1
                0x00000a73        0x2 libs/Scout.o
 .progmem.data._ZZL34scoutAnalogStateChangeTimerHandlerP11SYS_Timer_tE3__c_0
                0x00000a75        0x2 libs/Scout.o
 .progmem.data._ZZL34scoutAnalogStateChangeTimerHandlerP11SYS_Timer_tE3__c
                0x00000a77       0x20 libs/Scout.o
 .progmem.data._ZZL38scoutPeripheralStateChangeTimerHandlerP11SYS_Timer_tE3__c_8
                0x00000a97        0x2 libs/Scout.o
 .progmem.data._ZZL38scoutPeripheralStateChangeTimerHandlerP11SYS_Timer_tE3__c_7
                0x00000a99       0x22 libs/Scout.o
 .progmem.data._ZZL38scoutPeripheralStateChangeTimerHandlerP11SYS_Timer_tE3__c_6
                0x00000abb        0x2 libs/Scout.o
 .progmem.data._ZZL38scoutPeripheralStateChangeTimerHandlerP11SYS_Timer_tE3__c_5
                0x00000abd       0x2c libs/Scout.o
 .progmem.data._ZZL38scoutPeripheralStateChangeTimerHandlerP11SYS_Timer_tE3__c_4
                0x00000ae9        0x2 libs/Scout.o
 .progmem.data._ZZL38scoutPeripheralStateChangeTimerHandlerP11SYS_Timer_tE3__c_3
                0x00000aeb       0x26 libs/Scout.o
 .progmem.data._ZZL38scoutPeripheralStateChangeTimerHandlerP11SYS_Timer_tE3__c_2
                0x00000b11        0x2 libs/Scout.o
 .progmem.data._ZZL38scoutPeripheralStateChangeTimerHandlerP11SYS_Timer_tE3__c_1
                0x00000b13       0x25 libs/Scout.o
 .progmem.data._ZZL38scoutPeripheralStateChangeTimerHandlerP11SYS_Timer_tE3__c_0
                0x00000b38        0x2 libs/Scout.o
 .progmem.data._ZZL38scoutPeripheralStateChangeTimerHandlerP11SYS_Timer_tE3__c
                0x00000b3a       0x28 libs/Scout.o
 .progmem.data._ZZ13leadHQConnectvE3__c
                0x00000b62       0x12 libs/ScoutHandler.o
 .progmem.data._ZZL15announceConfirmP13NWK_DataReq_tE3__c
                0x00000b74       0x17 libs/ScoutHandler.o
 .progmem.data._ZZN20PinoccioScoutHandler8announceEjRK6StringE3__c_0
                0x00000b8b        0x2 libs/ScoutHandler.o
 .progmem.data._ZZN20PinoccioScoutHandler8announceEjRK6StringE3__c
                0x00000b8d       0x14 libs/ScoutHandler.o
 .progmem.data._ZZL23leadCommandChunkConfirmP13NWK_DataReq_tE3__c_2
                0x00000ba1        0x6 libs/ScoutHandler.o
 .progmem.data._ZZL23leadCommandChunkConfirmP13NWK_DataReq_tE3__c_1
                0x00000ba7        0x8 libs/ScoutHandler.o
 .progmem.data._ZZL23leadCommandChunkConfirmP13NWK_DataReq_tE3__c_0
                0x00000baf        0x8 libs/ScoutHandler.o
 .progmem.data._ZZL23leadCommandChunkConfirmP13NWK_DataReq_tE3__c
                0x00000bb7       0x1a libs/ScoutHandler.o
 .progmem.data._ZZL16leadCommandChunkvE3__c_0
                0x00000bd1        0x8 libs/ScoutHandler.o
 .progmem.data._ZZL16leadCommandChunkvE3__c
                0x00000bd9        0x6 libs/ScoutHandler.o
 .progmem.data._ZZL12leadIncomingPKcjPtE3__c_2
                0x00000bdf        0xa libs/ScoutHandler.o
 .progmem.data._ZZL12leadIncomingPKcjPtE3__c_1
                0x00000be9        0x5 libs/ScoutHandler.o
 .progmem.data._ZZL12leadIncomingPKcjPtE3__c_0
                0x00000bee        0x5 libs/ScoutHandler.o
 .progmem.data._ZZL12leadIncomingPKcjPtE3__c
                0x00000bf3       0x2a libs/ScoutHandler.o
 .progmem.data._ZZL12leadHQHandlevE3__c_0
                0x00000c1d       0x12 libs/ScoutHandler.o
 .progmem.data._ZZL12leadHQHandlevE3__c
                0x00000c2f       0x18 libs/ScoutHandler.o
 .progmem.data._ZZL11leadAnswersP13NWK_DataInd_tE3__c_1
                0x00000c47        0x2 libs/ScoutHandler.o
 .progmem.data._ZZL11leadAnswersP13NWK_DataInd_tE3__c_0
                0x00000c49       0x1c libs/ScoutHandler.o
 .progmem.data._ZZL11leadAnswersP13NWK_DataInd_tE3__c
                0x00000c65       0x1c libs/ScoutHandler.o
 .progmem.data._ZZL23fieldAnswerChunkConfirmP13NWK_DataReq_tE3__c_2
                0x00000c81        0x6 libs/ScoutHandler.o
 .progmem.data._ZZL23fieldAnswerChunkConfirmP13NWK_DataReq_tE3__c_1
                0x00000c87        0x8 libs/ScoutHandler.o
 .progmem.data._ZZL23fieldAnswerChunkConfirmP13NWK_DataReq_tE3__c_0
                0x00000c8f        0x8 libs/ScoutHandler.o
 .progmem.data._ZZL23fieldAnswerChunkConfirmP13NWK_DataReq_tE3__c
                0x00000c97       0x1a libs/ScoutHandler.o
 .progmem.data._ZZL16fieldAnswerChunkvE3__c_0
                0x00000cb1        0x8 libs/ScoutHandler.o
 .progmem.data._ZZL16fieldAnswerChunkvE3__c
                0x00000cb9        0x6 libs/ScoutHandler.o
 .progmem.data._ZZL13fieldCommandsP13NWK_DataInd_tE3__c_6
                0x00000cbf        0xc libs/ScoutHandler.o
 .progmem.data._ZZL13fieldCommandsP13NWK_DataInd_tE3__c_5
                0x00000ccb       0x11 libs/ScoutHandler.o
 .progmem.data._ZZL13fieldCommandsP13NWK_DataInd_tE3__c_4
                0x00000cdc       0x11 libs/ScoutHandler.o
 .progmem.data._ZZL13fieldCommandsP13NWK_DataInd_tE3__c_3
                0x00000ced       0x2b libs/ScoutHandler.o
 .progmem.data._ZZL13fieldCommandsP13NWK_DataInd_tE3__c_2
                0x00000d18        0x7 libs/ScoutHandler.o
 .progmem.data._ZZL13fieldCommandsP13NWK_DataInd_tE3__c_1
                0x00000d1f        0x3 libs/ScoutHandler.o
 .progmem.data._ZZL13fieldCommandsP13NWK_DataInd_tE3__c_0
                0x00000d22        0x6 libs/ScoutHandler.o
 .progmem.data._ZZL13fieldCommandsP13NWK_DataInd_tE3__c
                0x00000d28       0x11 libs/ScoutHandler.o
 .progmem.data._ZZL10leadSignalRK6StringE3__c_0
                0x00000d39       0x10 libs/ScoutHandler.o
 .progmem.data._ZZL10leadSignalRK6StringE3__c
                0x00000d49       0x19 libs/ScoutHandler.o
 .progmem.data._ZZL18fieldAnnouncementsP13NWK_DataInd_tE3__c
                0x00000d62        0xe libs/ScoutHandler.o
 .progmem.data._ZZL14pinoccioBannervE3__c_8
                0x00000d70       0x13 libs/Shell.o
 .progmem.data._ZZL14pinoccioBannervE3__c_7
                0x00000d83       0x12 libs/Shell.o
 .progmem.data._ZZL14pinoccioBannervE3__c_6
                0x00000d95        0x2 libs/Shell.o
 .progmem.data._ZZL14pinoccioBannervE3__c_5
                0x00000d97        0x7 libs/Shell.o
 .progmem.data._ZZL14pinoccioBannervE3__c_4
                0x00000d9e        0x8 libs/Shell.o
 .progmem.data._ZZL14pinoccioBannervE3__c_3
                0x00000da6        0x2 libs/Shell.o
 .progmem.data._ZZL14pinoccioBannervE3__c_2
                0x00000da8        0xc libs/Shell.o
 .progmem.data._ZZL14pinoccioBannervE3__c_1
                0x00000db4        0x2 libs/Shell.o
 .progmem.data._ZZL14pinoccioBannervE3__c_0
                0x00000db6       0x31 libs/Shell.o
 .progmem.data._ZZL14pinoccioBannervE3__c
                0x00000de7       0x15 libs/Shell.o
 .progmem.data._ZZL11sendConfirmP13NWK_DataReq_tE3__c_9
                0x00000dfc        0x2 libs/Shell.o
 .progmem.data._ZZL11sendConfirmP13NWK_DataReq_tE3__c_8
                0x00000dfe        0x2 libs/Shell.o
 .progmem.data._ZZL11sendConfirmP13NWK_DataReq_tE3__c_7
                0x00000e00       0x12 libs/Shell.o
 .progmem.data._ZZL11sendConfirmP13NWK_DataReq_tE3__c_6
                0x00000e12       0x22 libs/Shell.o
 .progmem.data._ZZL11sendConfirmP13NWK_DataReq_tE3__c_5
                0x00000e34       0x1a libs/Shell.o
 .progmem.data._ZZL11sendConfirmP13NWK_DataReq_tE3__c_4
                0x00000e4e       0x1e libs/Shell.o
 .progmem.data._ZZL11sendConfirmP13NWK_DataReq_tE3__c_3
                0x00000e6c       0x10 libs/Shell.o
 .progmem.data._ZZL11sendConfirmP13NWK_DataReq_tE3__c_2
                0x00000e7c        0x8 libs/Shell.o
 .progmem.data._ZZL11sendConfirmP13NWK_DataReq_tE3__c_1
                0x00000e84        0x2 libs/Shell.o
 .progmem.data._ZZL11sendConfirmP13NWK_DataReq_tE3__c_0
                0x00000e86       0x20 libs/Shell.o
 .progmem.data._ZZL11sendConfirmP13NWK_DataReq_tE3__c
                0x00000ea6       0x27 libs/Shell.o
 .progmem.data._ZZL11sendMessageiRK6StringE3__c_0
                0x00000ecd        0x3 libs/Shell.o
 .progmem.data._ZZL11sendMessageiRK6StringE3__c
                0x00000ed0       0x17 libs/Shell.o
 .progmem.data._ZZL11meshRoutingvE3__c_7
                0x00000ee7        0x7 libs/Shell.o
 .progmem.data._ZZL11meshRoutingvE3__c_6
                0x00000eee        0xc libs/Shell.o
 .progmem.data._ZZL11meshRoutingvE3__c_5
                0x00000efa        0xd libs/Shell.o
 .progmem.data._ZZL11meshRoutingvE3__c_4
                0x00000f07        0xe libs/Shell.o
 .progmem.data._ZZL11meshRoutingvE3__c_3
                0x00000f15        0xe libs/Shell.o
 .progmem.data._ZZL11meshRoutingvE3__c_2
                0x00000f23        0xe libs/Shell.o
 .progmem.data._ZZL11meshRoutingvE3__c_1
                0x00000f31        0xe libs/Shell.o
 .progmem.data._ZZL11meshRoutingvE3__c_0
                0x00000f3f        0x8 libs/Shell.o
 .progmem.data._ZZL11meshRoutingvE3__c
                0x00000f47       0x64 libs/Shell.o
 .progmem.data._ZZL9allReportvE3__c
                0x00000fab       0x14 libs/Shell.o
 .progmem.data._ZZL12pinMakeInputvE3__c_0
                0x00000fbf       0x23 libs/Shell.o
 .progmem.data._ZZL12pinMakeInputvE3__c
                0x00000fe2       0x13 libs/Shell.o
 .progmem.data._ZZL13pinMakeOutputvE3__c_0
                0x00000ff5       0x23 libs/Shell.o
 .progmem.data._ZZL13pinMakeOutputvE3__c
                0x00001018       0x13 libs/Shell.o
 .progmem.data._ZZL10pinDisablevE3__c_0
                0x0000102b       0x23 libs/Shell.o
 .progmem.data._ZZL10pinDisablevE3__c
                0x0000104e       0x13 libs/Shell.o
 .progmem.data._ZZL10pinSetModevE3__c_0
                0x00001061       0x23 libs/Shell.o
 .progmem.data._ZZL10pinSetModevE3__c
                0x00001084       0x13 libs/Shell.o
 .progmem.data._ZZL7pinReadvE3__c
                0x00001097       0x13 libs/Shell.o
 .progmem.data._ZZL8pinWritevE3__c_0
                0x000010aa       0x12 libs/Shell.o
 .progmem.data._ZZL8pinWritevE3__c
                0x000010bc       0x13 libs/Shell.o
 .progmem.data._ZZL7pinSavevE3__c_1
                0x000010cf       0x11 libs/Shell.o
 .progmem.data._ZZL7pinSavevE3__c_0
                0x000010e0       0x23 libs/Shell.o
 .progmem.data._ZZL7pinSavevE3__c
                0x00001103       0x13 libs/Shell.o
 .progmem.data._ZZL12backpackListvE3__c_3
                0x00001116        0x2 libs/Shell.o
 .progmem.data._ZZL12backpackListvE3__c_2
                0x00001118        0x3 libs/Shell.o
 .progmem.data._ZZL12backpackListvE3__c_1
                0x0000111b       0x13 libs/Shell.o
 .progmem.data._ZZL12backpackListvE3__c_0
                0x0000112e        0x3 libs/Shell.o
 .progmem.data._ZZL12backpackListvE3__c
                0x00001131       0x13 libs/Shell.o
 .progmem.data._ZZL14backpackEepromvE3__c_0
                0x00001144       0x17 libs/Shell.o
 .progmem.data._ZZL14backpackEepromvE3__c
                0x0000115b       0x18 libs/Shell.o
 .progmem.data._ZZL20backpackUpdateEepromvE3__c_1
                0x00001173       0x17 libs/Shell.o
 .progmem.data._ZZL20backpackUpdateEepromvE3__c_0
                0x0000118a       0x18 libs/Shell.o
 .progmem.data._ZZL20backpackUpdateEepromvE3__c
                0x000011a2       0x18 libs/Shell.o
 .progmem.data._ZZL14backpackDetailvE3__c_13
                0x000011ba        0x7 libs/Shell.o
 .progmem.data._ZZL14backpackDetailvE3__c_12
                0x000011c1        0xe libs/Shell.o
 .progmem.data._ZZL14backpackDetailvE3__c_11
                0x000011cf        0x7 libs/Shell.o
 .progmem.data._ZZL14backpackDetailvE3__c_10
                0x000011d6        0xe libs/Shell.o
 .progmem.data._ZZL14backpackDetailvE3__c_9
                0x000011e4        0x3 libs/Shell.o
 .progmem.data._ZZL14backpackDetailvE3__c_8
                0x000011e7       0x18 libs/Shell.o
 .progmem.data._ZZL14backpackDetailvE3__c_7
                0x000011ff       0x20 libs/Shell.o
 .progmem.data._ZZL14backpackDetailvE3__c_6
                0x0000121f        0x3 libs/Shell.o
 .progmem.data._ZZL14backpackDetailvE3__c_5
                0x00001222       0x20 libs/Shell.o
 .progmem.data._ZZL14backpackDetailvE3__c_4
                0x00001242       0x12 libs/Shell.o
 .progmem.data._ZZL14backpackDetailvE3__c_3
                0x00001254        0x2 libs/Shell.o
 .progmem.data._ZZL14backpackDetailvE3__c_2
                0x00001256       0x11 libs/Shell.o
 .progmem.data._ZZL14backpackDetailvE3__c_1
                0x00001267       0x11 libs/Shell.o
 .progmem.data._ZZL14backpackDetailvE3__c_0
                0x00001278       0x10 libs/Shell.o
 .progmem.data._ZZL14backpackDetailvE3__c
                0x00001288       0x18 libs/Shell.o
 .progmem.data._ZZL17backpackResourcesvE3__c_25
                0x000012a0        0xd libs/Shell.o
 .progmem.data._ZZL17backpackResourcesvE3__c_24
                0x000012ad       0x12 libs/Shell.o
 .progmem.data._ZZL17backpackResourcesvE3__c_23
                0x000012bf        0x5 libs/Shell.o
 .progmem.data._ZZL17backpackResourcesvE3__c_22
                0x000012c4        0xf libs/Shell.o
 .progmem.data._ZZL17backpackResourcesvE3__c_21
                0x000012d3       0x12 libs/Shell.o
 .progmem.data._ZZL17backpackResourcesvE3__c_20
                0x000012e5        0x8 libs/Shell.o
 .progmem.data._ZZL17backpackResourcesvE3__c_19
                0x000012ed        0x3 libs/Shell.o
 .progmem.data._ZZL17backpackResourcesvE3__c_18
                0x000012f0        0xd libs/Shell.o
 .progmem.data._ZZL17backpackResourcesvE3__c_17
                0x000012fd        0x8 libs/Shell.o
 .progmem.data._ZZL17backpackResourcesvE3__c_16
                0x00001305        0x3 libs/Shell.o
 .progmem.data._ZZL17backpackResourcesvE3__c_15
                0x00001308        0xd libs/Shell.o
 .progmem.data._ZZL17backpackResourcesvE3__c_14
                0x00001315        0x8 libs/Shell.o
 .progmem.data._ZZL17backpackResourcesvE3__c_13
                0x0000131d        0x3 libs/Shell.o
 .progmem.data._ZZL17backpackResourcesvE3__c_12
                0x00001320        0xd libs/Shell.o
 .progmem.data._ZZL17backpackResourcesvE3__c_11
                0x0000132d        0xe libs/Shell.o
 .progmem.data._ZZL17backpackResourcesvE3__c_10
                0x0000133b        0xf libs/Shell.o
 .progmem.data._ZZL17backpackResourcesvE3__c_9
                0x0000134a        0x8 libs/Shell.o
 .progmem.data._ZZL17backpackResourcesvE3__c_8
                0x00001352        0x4 libs/Shell.o
 .progmem.data._ZZL17backpackResourcesvE3__c_7
                0x00001356        0xb libs/Shell.o
 .progmem.data._ZZL17backpackResourcesvE3__c_6
                0x00001361        0x8 libs/Shell.o
 .progmem.data._ZZL17backpackResourcesvE3__c_5
                0x00001369        0xe libs/Shell.o
 .progmem.data._ZZL17backpackResourcesvE3__c_4
                0x00001377        0x8 libs/Shell.o
 .progmem.data._ZZL17backpackResourcesvE3__c_3
                0x0000137f        0x4 libs/Shell.o
 .progmem.data._ZZL17backpackResourcesvE3__c_2
                0x00001383        0xf libs/Shell.o
 .progmem.data._ZZL17backpackResourcesvE3__c_1
                0x00001392        0xd libs/Shell.o
 .progmem.data._ZZL17backpackResourcesvE3__c_0
                0x0000139f       0x2e libs/Shell.o
 .progmem.data._ZZL17backpackResourcesvE3__c
                0x000013cd       0x18 libs/Shell.o
 .progmem.data._ZZL9daisyWipevE3__c_2
                0x000013e5       0x23 libs/Shell.o
 .progmem.data._ZZL9daisyWipevE3__c_1
                0x00001408       0x23 libs/Shell.o
 .progmem.data._ZZL9daisyWipevE3__c_0
                0x0000142b       0x1f libs/Shell.o
 .progmem.data._ZZL9daisyWipevE3__c
                0x0000144a       0x38 libs/Shell.o
 .progmem.data._ZZL8wifiListvE3__c
                0x00001482       0x13 libs/Shell.o
 .progmem.data._ZZL10wifiConfigvE3__c
                0x00001495       0x33 libs/Shell.o
 .progmem.data._ZZL8wifiDhcpvE3__c
                0x000014c8       0x33 libs/Shell.o
 .progmem.data._ZZL10wifiStaticvE3__c_3
                0x000014fb       0x33 libs/Shell.o
 .progmem.data._ZZL10wifiStaticvE3__c_2
                0x0000152e       0x1a libs/Shell.o
 .progmem.data._ZZL10wifiStaticvE3__c_1
                0x00001548       0x17 libs/Shell.o
 .progmem.data._ZZL10wifiStaticvE3__c_0
                0x0000155f       0x17 libs/Shell.o
 .progmem.data._ZZL10wifiStaticvE3__c
                0x00001576       0x1a libs/Shell.o
 .progmem.data._ZZL11wifiCommandvE3__c
                0x00001590       0x23 libs/Shell.o
 .progmem.data._ZZL8wifiPingvE3__c
                0x000015b3       0x21 libs/Shell.o
 .progmem.data._ZZL13wifiDNSLookupvE3__c
                0x000015d4       0x27 libs/Shell.o
 .progmem.data._ZZL11wifiGetTimevE3__c
                0x000015fb       0x2c libs/Shell.o
 .progmem.data._ZZL9wifiSleepvE3__c
                0x00001627       0x22 libs/Shell.o
 .progmem.data._ZZL10wifiWakeupvE3__c
                0x00001649       0x23 libs/Shell.o
 .progmem.data._ZZL9wifiStatsvE3__c_0
                0x0000166c       0x29 libs/Shell.o
 .progmem.data._ZZL9wifiStatsvE3__c
                0x00001695       0x29 libs/Shell.o
 .progmem.data._ZZL22digitalPinEventHandlerhaaE3__c_0
                0x000016be        0x3 libs/Shell.o
 .progmem.data._ZZL22digitalPinEventHandlerhaaE3__c
                0x000016c1       0x20 libs/Shell.o
 .progmem.data._ZZL21analogPinEventHandlerhiaE3__c_0
                0x000016e1        0x3 libs/Shell.o
 .progmem.data._ZZL21analogPinEventHandlerhiaE3__c
                0x000016e4       0x1f libs/Shell.o
 .progmem.data._ZZL14receiveMessageP13NWK_DataInd_tE3__c_2
                0x00001703        0x7 libs/Shell.o
 .progmem.data._ZZL14receiveMessageP13NWK_DataInd_tE3__c_1
                0x0000170a        0x6 libs/Shell.o
 .progmem.data._ZZL14receiveMessageP13NWK_DataInd_tE3__c_0
                0x00001710        0x7 libs/Shell.o
 .progmem.data._ZZL14receiveMessageP13NWK_DataInd_tE3__c
                0x00001717       0x15 libs/Shell.o
                0x0000172c                . = ALIGN (0x2)
 *(.jumptables)
 *(.jumptables*)
 *(.lowtext)
 *(.lowtext*)
                0x0000172c                __ctors_start = .
 *(.ctors)
 .ctors         0x0000172c        0x2 libs/HardwareSerial0.o
 .ctors         0x0000172e        0x2 libs/HardwareSerial1.o
 .ctors         0x00001730        0x2 libs/IPAddress.o
 .ctors         0x00001732        0x2 libs/Wire.o
 .ctors         0x00001734        0x2 libs/GSClient.o
 .ctors         0x00001736        0x2 libs/GSCore.o
 .ctors         0x00001738        0x2 libs/GSModule.o
 .ctors         0x0000173a        0x2 libs/GSTcpClient.o
 .ctors         0x0000173c        0x2 libs/GSUdpClient.o
 .ctors         0x0000173e        0x2 libs/GSUdpServer.o
 .ctors         0x00001740        0x2 libs/Backpack.o
 .ctors         0x00001742        0x2 libs/Backpacks.o
 .ctors         0x00001744        0x2 libs/WiFiBackpack.o
 .ctors         0x00001746        0x2 libs/halRgbLed.o
 .ctors         0x00001748        0x2 libs/Scout.o
 .ctors         0x0000174a        0x2 libs/ScoutHandler.o
 .ctors         0x0000174c        0x2 libs/Shell.o
 .ctors         0x0000174e        0x2 libs/StringBuffer.o
 .ctors         0x00001750        0x2 Bootstrap.o
                0x00001752                __ctors_end = .
                0x00001752                __dtors_start = .
 *(.dtors)
 .dtors         0x00001752        0x2 libs/Scout.o
 .dtors         0x00001754        0x2 libs/ScoutHandler.o
                0x00001756                __dtors_end = .
 SORT(*)(.ctors)
 SORT(*)(.dtors)
 *(.init0)
 .init0         0x00001756        0x0 c:/program files/atmel/atmel toolchain/avr8 gcc/native/3.4.1051/avr8-gnu-toolchain/bin/../lib/gcc/avr/4.8.1/../../../../avr/lib/avr6/crtm256rfr2.o
                0x00001756                __init
 *(.init0)
 *(.init1)
 *(.init1)
 *(.init2)
 .init2         0x00001756       0x10 c:/program files/atmel/atmel toolchain/avr8 gcc/native/3.4.1051/avr8-gnu-toolchain/bin/../lib/gcc/avr/4.8.1/../../../../avr/lib/avr6/crtm256rfr2.o
 *(.init2)
 *(.init3)
 *(.init3)
 *(.init4)
 .init4         0x00001766       0x1a c:/program files/atmel/atmel toolchain/avr8 gcc/native/3.4.1051/avr8-gnu-toolchain/bin/../lib/gcc/avr/4.8.1/avr6\libgcc.a(_copy_data.o)
                0x00001766                __do_copy_data
 .init4         0x00001780       0x10 c:/program files/atmel/atmel toolchain/avr8 gcc/native/3.4.1051/avr8-gnu-toolchain/bin/../lib/gcc/avr/4.8.1/avr6\libgcc.a(_clear_bss.o)
                0x00001780                __do_clear_bss
 *(.init4)
 *(.init5)
 *(.init5)
 *(.init6)
 .init6         0x00001790       0x20 c:/program files/atmel/atmel toolchain/avr8 gcc/native/3.4.1051/avr8-gnu-toolchain/bin/../lib/gcc/avr/4.8.1/avr6\libgcc.a(_ctors.o)
                0x00001790                __do_global_ctors
 *(.init6)
 *(.init7)
 *(.init7)
 *(.init8)
 *(.init8)
 *(.init9)
 .init9         0x000017b0        0x6 c:/program files/atmel/atmel toolchain/avr8 gcc/native/3.4.1051/avr8-gnu-toolchain/bin/../lib/gcc/avr/4.8.1/../../../../avr/lib/avr6/crtm256rfr2.o
 *(.init9)
 *(.text)
 .text          0x000017b6        0x4 c:/program files/atmel/atmel toolchain/avr8 gcc/native/3.4.1051/avr8-gnu-toolchain/bin/../lib/gcc/avr/4.8.1/../../../../avr/lib/avr6/crtm256rfr2.o
                0x000017b6                __vector_38
                0x000017b6                __vector_22
                0x000017b6                __vector_63
                0x000017b6                __vector_28
                0x000017b6                __vector_67
                0x000017b6                __vector_32
                0x000017b6                __vector_75
                0x000017b6                __vector_71
                0x000017b6                __vector_34
                0x000017b6                __vector_62
                0x000017b6                __vector_24
                0x000017b6                __vector_12
                0x000017b6                __vector_55
                0x000017b6                __vector_69
                0x000017b6                __vector_46
                0x000017b6                __bad_interrupt
                0x000017b6                __vector_72
                0x000017b6                __vector_31
                0x000017b6                __vector_35
                0x000017b6                __vector_74
                0x000017b6                __vector_68
                0x000017b6                __vector_30
                0x000017b6                __vector_73
                0x000017b6                __vector_45
                0x000017b6                __vector_61
                0x000017b6                __vector_11
                0x000017b6                __vector_54
                0x000017b6                __vector_17
                0x000017b6                __vector_19
                0x000017b6                __vector_56
                0x000017b6                __vector_49
                0x000017b6                __vector_41
                0x000017b6                __vector_64
                0x000017b6                __vector_43
                0x000017b6                __vector_27
                0x000017b6                __vector_33
                0x000017b6                __vector_76
                0x000017b6                __vector_47
                0x000017b6                __vector_52
                0x000017b6                __vector_44
                0x000017b6                __vector_51
                0x000017b6                __vector_9
                0x000017b6                __vector_21
                0x000017b6                __vector_15
                0x000017b6                __vector_66
                0x000017b6                __vector_58
                0x000017b6                __vector_70
                0x000017b6                __vector_29
                0x000017b6                __vector_60
                0x000017b6                __vector_40
                0x000017b6                __vector_48
                0x000017b6                __vector_14
                0x000017b6                __vector_57
                0x000017b6                __vector_53
                0x000017b6                __vector_10
                0x000017b6                __vector_50
                0x000017b6                __vector_16
                0x000017b6                __vector_59
                0x000017b6                __vector_18
                0x000017b6                __vector_20
                0x000017b6                __vector_42
                0x000017b6                __vector_65
                0x000017ba                . = ALIGN (0x2)
 *(.text.*)
 .text._ZN14HardwareSerial9availableEv
                0x000017ba       0x16 libs/HardwareSerial.o
                0x000017ba                _ZN14HardwareSerial9availableEv
 .text._ZN14HardwareSerial4peekEv
                0x000017d0       0x1c libs/HardwareSerial.o
                0x000017d0                _ZN14HardwareSerial4peekEv
 .text._ZN14HardwareSerial4readEv
                0x000017ec       0x28 libs/HardwareSerial.o
                0x000017ec                _ZN14HardwareSerial4readEv
 .text._Z14serialEventRunv
                0x00001814       0x3a libs/HardwareSerial.o
                0x00001814                _Z14serialEventRunv
 .text._ZN14HardwareSerial17_tx_udr_empty_irqEv
                0x0000184e       0x42 libs/HardwareSerial.o
                0x0000184e                _ZN14HardwareSerial17_tx_udr_empty_irqEv
 .text._ZN14HardwareSerial5flushEv
                0x00001890       0x42 libs/HardwareSerial.o
                0x00001890                _ZN14HardwareSerial5flushEv
 .text._ZN14HardwareSerial5writeEh
                0x000018d2       0xc8 libs/HardwareSerial.o
                0x000018d2                _ZN14HardwareSerial5writeEh
 .text._ZN14HardwareSerial5beginEmh
                0x0000199a       0xc4 libs/HardwareSerial.o
                0x0000199a                _ZN14HardwareSerial5beginEmh
 .text.__vector_25
                0x00001a5e       0x6c libs/HardwareSerial0.o
                0x00001a5e                __vector_25
 .text.__vector_26
                0x00001aca       0x52 libs/HardwareSerial0.o
                0x00001aca                __vector_26
 .text._Z17Serial0_availablev
                0x00001b1c       0x12 libs/HardwareSerial0.o
                0x00001b1c                _Z17Serial0_availablev
 .text.startup._GLOBAL__sub_I___vector_25
                0x00001b2e       0x86 libs/HardwareSerial0.o
 .text.__vector_36
                0x00001bb4       0x6c libs/HardwareSerial1.o
                0x00001bb4                __vector_36
 .text.__vector_37
                0x00001c20       0x52 libs/HardwareSerial1.o
                0x00001c20                __vector_37
 .text._Z17Serial1_availablev
                0x00001c72       0x12 libs/HardwareSerial1.o
                0x00001c72                _Z17Serial1_availablev
 .text.startup._GLOBAL__sub_I___vector_36
                0x00001c84       0x86 libs/HardwareSerial1.o
 .text.__empty  0x00001d0a        0x2 libs/hooks.o
                0x00001d0a                yield
 .text._ZNK9IPAddress7printToER5Print
                0x00001d0c       0x6e libs/IPAddress.o
                0x00001d0c                _ZNK9IPAddress7printToER5Print
 .text._ZN9IPAddressC2Ev
                0x00001d7a       0x14 libs/IPAddress.o
                0x00001d7a                _ZN9IPAddressC1Ev
                0x00001d7a                _ZN9IPAddressC2Ev
 .text._ZN9IPAddressC2Ehhhh
                0x00001d8e       0x18 libs/IPAddress.o
                0x00001d8e                _ZN9IPAddressC2Ehhhh
                0x00001d8e                _ZN9IPAddressC1Ehhhh
 .text._ZN9IPAddressaSEm
                0x00001da6        0xc libs/IPAddress.o
                0x00001da6                _ZN9IPAddressaSEm
 .text.startup._GLOBAL__sub_I__ZN9IPAddressC2Ev
                0x00001db2       0x1e libs/IPAddress.o
 .text.startup.main
                0x00001dd0       0x16 libs/main.o
                0x00001dd0                main
 .text._ZN5Print5writeEPKhj
                0x00001de6       0x50 libs/Print.o
                0x00001de6                _ZN5Print5writeEPKhj
 .text._ZN5Print5writeEPKc
                0x00001e36       0x2c libs/Print.o
                0x00001e36                _ZN5Print5writeEPKc
 .text._ZN5Print5printEPK19__FlashStringHelper
                0x00001e62       0x4a libs/Print.o
                0x00001e62                _ZN5Print5printEPK19__FlashStringHelper
 .text._ZN5Print5printERK6String
                0x00001eac       0x1c libs/Print.o
                0x00001eac                _ZN5Print5printERK6String
 .text._ZN5Print5printEPKc
                0x00001ec8        0x2 libs/Print.o
                0x00001ec8                _ZN5Print5printEPKc
 .text._ZN5Print5printEc
                0x00001eca        0xe libs/Print.o
                0x00001eca                _ZN5Print5printEc
 .text._ZN5Print7printlnEv
                0x00001ed8       0x24 libs/Print.o
                0x00001ed8                _ZN5Print7printlnEv
 .text._ZN5Print7printlnEPK19__FlashStringHelper
                0x00001efc       0x20 libs/Print.o
                0x00001efc                _ZN5Print7printlnEPK19__FlashStringHelper
 .text._ZN5Print7printlnERK6String
                0x00001f1c       0x20 libs/Print.o
                0x00001f1c                _ZN5Print7printlnERK6String
 .text._ZN5Print7printlnEPKc
                0x00001f3c       0x20 libs/Print.o
                0x00001f3c                _ZN5Print7printlnEPKc
 .text._ZN5Print11printNumberEmh
                0x00001f5c       0xb0 libs/Print.o
                0x00001f5c                _ZN5Print11printNumberEmh
 .text._ZN5Print5printEli
                0x0000200c       0x8e libs/Print.o
                0x0000200c                _ZN5Print5printEli
 .text._ZN5Print5printEii
                0x0000209a        0xe libs/Print.o
                0x0000209a                _ZN5Print5printEii
 .text._ZN5Print7printlnEii
                0x000020a8       0x2c libs/Print.o
                0x000020a8                _ZN5Print7printlnEii
 .text._ZN5Print5printEmi
                0x000020d4       0x18 libs/Print.o
                0x000020d4                _ZN5Print5printEmi
 .text._ZN5Print5printEhi
                0x000020ec        0xc libs/Print.o
                0x000020ec                _ZN5Print5printEhi
 .text._ZN5Print7printlnEhi
                0x000020f8       0x2a libs/Print.o
                0x000020f8                _ZN5Print7printlnEhi
 .text._ZN5Print5printEji
                0x00002122        0xa libs/Print.o
                0x00002122                _ZN5Print5printEji
 .text._ZN5Print7printlnEji
                0x0000212c       0x28 libs/Print.o
                0x0000212c                _ZN5Print7printlnEji
 .text._ZN5Print7printlnEmi
                0x00002154       0x20 libs/Print.o
                0x00002154                _ZN5Print7printlnEmi
 .text._ZN5Print10printFloatEdh
                0x00002174      0x1cc libs/Print.o
                0x00002174                _ZN5Print10printFloatEdh
 .text._ZN5Print5printEdi
                0x00002340        0x2 libs/Print.o
                0x00002340                _ZN5Print5printEdi
 .text._Z12disableTimerh
                0x00002342       0x62 libs/Tone.o
                0x00002342                _Z12disableTimerh
 .text._Z6noToneh
                0x000023a4       0x26 libs/Tone.o
                0x000023a4                _Z6noToneh
 .text.__vector_13
                0x000023ca       0xbe libs/Tone.o
                0x000023ca                __vector_13
 .text.__vector_1
                0x00002488       0x62 libs/WInterrupts.o
                0x00002488                __vector_1
 .text.__vector_2
                0x000024ea       0x62 libs/WInterrupts.o
                0x000024ea                __vector_2
 .text.__vector_3
                0x0000254c       0x62 libs/WInterrupts.o
                0x0000254c                __vector_3
 .text.__vector_4
                0x000025ae       0x62 libs/WInterrupts.o
                0x000025ae                __vector_4
 .text.__vector_5
                0x00002610       0x62 libs/WInterrupts.o
                0x00002610                __vector_5
 .text.__vector_6
                0x00002672       0x62 libs/WInterrupts.o
                0x00002672                __vector_6
 .text.__vector_7
                0x000026d4       0x62 libs/WInterrupts.o
                0x000026d4                __vector_7
 .text.__vector_8
                0x00002736       0x62 libs/WInterrupts.o
                0x00002736                __vector_8
 .text.__vector_23
                0x00002798       0x94 libs/wiring.o
                0x00002798                __vector_23
 .text.millis   0x0000282c       0x18 libs/wiring.o
                0x0000282c                millis
 .text.micros   0x00002844       0x4c libs/wiring.o
                0x00002844                micros
 .text.delay    0x00002890       0x52 libs/wiring.o
                0x00002890                delay
 .text.delayMicroseconds
                0x000028e2       0x16 libs/wiring.o
                0x000028e2                delayMicroseconds
 .text.init     0x000028f8       0xc4 libs/wiring.o
                0x000028f8                init
 .text.analogRead
                0x000029bc       0x48 libs/wiring_analog.o
                0x000029bc                analogRead
 .text.analogWrite
                0x00002a04      0x17c libs/wiring_analog.o
                0x00002a04                analogWrite
 .text.turnOffPWM
                0x00002b80       0xc2 libs/wiring_digital.o
 .text.pinMode  0x00002c42       0x7c libs/wiring_digital.o
                0x00002c42                pinMode
 .text.digitalWrite
                0x00002cbe       0x60 libs/wiring_digital.o
                0x00002cbe                digitalWrite
 .text.digitalRead
                0x00002d1e       0x52 libs/wiring_digital.o
                0x00002d1e                digitalRead
 .text.pulseIn  0x00002d70      0x18c libs/wiring_pulse.o
                0x00002d70                pulseIn
 .text._ZN6StringD2Ev
                0x00002efc        0xa libs/WString.o
                0x00002efc                _ZN6StringD2Ev
                0x00002efc                _ZN6StringD1Ev
 .text._ZN6String10invalidateEv
                0x00002f06       0x24 libs/WString.o
                0x00002f06                _ZN6String10invalidateEv
 .text._ZN6String12changeBufferEj
                0x00002f2a       0x34 libs/WString.o
                0x00002f2a                _ZN6String12changeBufferEj
 .text._ZN6String7reserveEj
                0x00002f5e       0x36 libs/WString.o
                0x00002f5e                _ZN6String7reserveEj
 .text._ZN6String4copyEPKcj
                0x00002f94       0x3e libs/WString.o
                0x00002f94                _ZN6String4copyEPKcj
 .text._ZN6StringC2EPKc
                0x00002fd2       0x2a libs/WString.o
                0x00002fd2                _ZN6StringC2EPKc
                0x00002fd2                _ZN6StringC1EPKc
 .text._ZN6String4copyEPK19__FlashStringHelperj
                0x00002ffc       0x3e libs/WString.o
                0x00002ffc                _ZN6String4copyEPK19__FlashStringHelperj
 .text._ZN6StringaSERKS_
                0x0000303a       0x2a libs/WString.o
                0x0000303a                _ZN6StringaSERKS_
 .text._ZN6StringC2ERKS_
                0x00003064       0x10 libs/WString.o
                0x00003064                _ZN6StringC2ERKS_
                0x00003064                _ZN6StringC1ERKS_
 .text._ZN6StringaSEPKc
                0x00003074       0x2c libs/WString.o
                0x00003074                _ZN6StringaSEPKc
 .text._ZN6StringC2Ehh
                0x000030a0       0x58 libs/WString.o
                0x000030a0                _ZN6StringC2Ehh
                0x000030a0                _ZN6StringC1Ehh
 .text._ZN6StringC2Eih
                0x000030f8       0x56 libs/WString.o
                0x000030f8                _ZN6StringC2Eih
                0x000030f8                _ZN6StringC1Eih
 .text._ZN6StringC2Ejh
                0x0000314e       0x56 libs/WString.o
                0x0000314e                _ZN6StringC1Ejh
                0x0000314e                _ZN6StringC2Ejh
 .text._ZN6StringC2Elh
                0x000031a4       0x58 libs/WString.o
                0x000031a4                _ZN6StringC2Elh
                0x000031a4                _ZN6StringC1Elh
 .text._ZN6StringC2Emh
                0x000031fc       0x58 libs/WString.o
                0x000031fc                _ZN6StringC1Emh
                0x000031fc                _ZN6StringC2Emh
 .text._ZN6StringaSEPK19__FlashStringHelper
                0x00003254       0x40 libs/WString.o
                0x00003254                _ZN6StringaSEPK19__FlashStringHelper
 .text._ZN6StringC2EPK19__FlashStringHelper
                0x00003294       0x10 libs/WString.o
                0x00003294                _ZN6StringC1EPK19__FlashStringHelper
                0x00003294                _ZN6StringC2EPK19__FlashStringHelper
 .text._ZN6String6concatEPKcj
                0x000032a4       0x56 libs/WString.o
                0x000032a4                _ZN6String6concatEPKcj
 .text._ZN6String6concatEPKc
                0x000032fa       0x1e libs/WString.o
                0x000032fa                _ZN6String6concatEPKc
 .text._ZN6String6concatEc
                0x00003318       0x26 libs/WString.o
                0x00003318                _ZN6String6concatEc
 .text._ZplRK15StringSumHelperRK6String
                0x0000333e       0x22 libs/WString.o
                0x0000333e                _ZplRK15StringSumHelperRK6String
 .text._ZplRK15StringSumHelperPKc
                0x00003360       0x30 libs/WString.o
                0x00003360                _ZplRK15StringSumHelperPKc
 .text._ZN6StringixEj
                0x00003390       0x24 libs/WString.o
                0x00003390                _ZN6StringixEj
 .text._ZNK6String8getBytesEPhjj
                0x000033b4       0x54 libs/WString.o
                0x000033b4                _ZNK6String8getBytesEPhjj
 .text._ZNK6String7indexOfEcj
                0x00003408       0x34 libs/WString.o
                0x00003408                _ZNK6String7indexOfEcj
 .text._ZNK6String7indexOfEc
                0x0000343c        0x6 libs/WString.o
                0x0000343c                _ZNK6String7indexOfEc
 .text._ZN6String6removeEjj
                0x00003442       0x60 libs/WString.o
                0x00003442                _ZN6String6removeEjj
 .text._ZN8SPIClass5beginEv
                0x000034a2       0x24 libs/SPI.o
                0x000034a2                _ZN8SPIClass5beginEv
 .text._ZN8SPIClass15setClockDividerEh
                0x000034c6       0x1c libs/SPI.o
                0x000034c6                _ZN8SPIClass15setClockDividerEh
 .text.twi_init
                0x000034e2       0x38 libs/twi.o
                0x000034e2                twi_init
 .text.twi_transmit
                0x0000351a       0x3e libs/twi.o
                0x0000351a                twi_transmit
 .text.twi_stop
                0x00003558       0x16 libs/twi.o
                0x00003558                twi_stop
 .text.twi_releaseBus
                0x0000356e        0xc libs/twi.o
                0x0000356e                twi_releaseBus
 .text.__vector_39
                0x0000357a      0x238 libs/twi.o
                0x0000357a                __vector_39
 .text._ZN7TwoWire9availableEv
                0x000037b2       0x10 libs/Wire.o
                0x000037b2                _ZN7TwoWire9availableEv
 .text._ZN7TwoWire4readEv
                0x000037c2       0x26 libs/Wire.o
                0x000037c2                _ZN7TwoWire4readEv
 .text._ZN7TwoWire4peekEv
                0x000037e8       0x1e libs/Wire.o
                0x000037e8                _ZN7TwoWire4peekEv
 .text._ZN7TwoWire5flushEv
                0x00003806        0x2 libs/Wire.o
                0x00003806                _ZN7TwoWire5flushEv
 .text._ZN7TwoWire5writeEPKhj
                0x00003808       0x58 libs/Wire.o
                0x00003808                _ZN7TwoWire5writeEPKhj
 .text._ZN7TwoWire5writeEh
                0x00003860       0x5c libs/Wire.o
                0x00003860                _ZN7TwoWire5writeEh
 .text._ZN7TwoWireC2Ev
                0x000038bc       0x20 libs/Wire.o
                0x000038bc                _ZN7TwoWireC1Ev
                0x000038bc                _ZN7TwoWireC2Ev
 .text._ZN7TwoWire5beginEv
                0x000038dc       0x12 libs/Wire.o
                0x000038dc                _ZN7TwoWire5beginEv
 .text.startup._GLOBAL__sub_I__ZN7TwoWire8rxBufferE
                0x000038ee        0x6 libs/Wire.o
 .text._Z9func_freev
                0x000038f4       0x28 libs/bitlash.o
                0x000038f4                _Z9func_freev
 .text._Z8skipbytec
                0x0000391c        0x2 libs/bitlash.o
                0x0000391c                _Z8skipbytec
 .text._Z3eofv  0x0000391e        0x4 libs/bitlash.o
                0x0000391e                _Z3eofv
 .text._Z18find_user_functionPc
                0x00003922       0xb2 libs/bitlash.o
                0x00003922                _Z18find_user_functionPc
 .text._Z11findbuiltinPc
                0x000039d4       0x80 libs/bitlash.o
                0x000039d4                _Z11findbuiltinPc
 .text._Z8cmd_bootv
                0x00003a54       0x1a libs/bitlash.o
                0x00003a54                _Z8cmd_bootv
 .text._Z6getmsgh
                0x00003a6e       0x28 libs/bitlash.o
                0x00003a6e                _Z6getmsgh
 .text._Z8chartypeh
                0x00003a96       0x24 libs/bitlash.o
                0x00003a96                _Z8chartypeh
 .text._Z7isrelopv
                0x00003aba       0x2e libs/bitlash.o
                0x00003aba                _Z7isrelopv
 .text._Z5ishexc
                0x00003ae8       0x22 libs/bitlash.o
                0x00003ae8                _Z5ishexc
 .text._Z6hexvalc
                0x00003b0a       0x16 libs/bitlash.o
                0x00003b0a                _Z6hexvalc
 .text._Z11isstringargl
                0x00003b20       0x54 libs/bitlash.o
                0x00003b20                _Z11isstringargl
 .text._Z9findindexPcPKch
                0x00003b74       0x8c libs/bitlash.o
                0x00003b74                _Z9findindexPcPKch
 .text._Z6pinnumPc
                0x00003c00       0x1a libs/bitlash.o
                0x00003c00                _Z6pinnumPc
 .text._Z10whackabyteh
                0x00003c1a       0x5c libs/bitlash.o
                0x00003c1a                _Z10whackabyteh
 .text._Z3spbc  0x00003c76       0x2e libs/bitlash.o
                0x00003c76                _Z3spbc
 .text._Z8showdictPKc
                0x00003ca4       0x30 libs/bitlash.o
                0x00003ca4                _Z8showdictPKc
 .text._Z7putlbufc
                0x00003cd4       0x2e libs/bitlash.o
                0x00003cd4                _Z7putlbufc
 .text._Z4msgph
                0x00003d02       0x1e libs/bitlash.o
                0x00003d02                _Z4msgph
 .text._Z16setOutputHandlerPFvhE
                0x00003d20        0xa libs/bitlash.o
                0x00003d20                _Z16setOutputHandlerPFvhE
 .text._Z18resetOutputHandlerv
                0x00003d2a        0xa libs/bitlash.o
                0x00003d2a                _Z18resetOutputHandlerv
 .text._Z2spPKc
                0x00003d34       0x16 libs/bitlash.o
                0x00003d34                _Z2spPKc
 .text._Z2spRK6String
                0x00003d4a       0x5c libs/bitlash.o
                0x00003d4a                _Z2spRK6String
 .text._Z2sph   0x00003da6       0x34 libs/bitlash.o
                0x00003da6                _Z2sph
 .text._Z2spj   0x00003dda       0x34 libs/bitlash.o
                0x00003dda                _Z2spj
 .text._Z2spl   0x00003e0e       0x36 libs/bitlash.o
                0x00003e0e                _Z2spl
 .text._Z2spm   0x00003e44       0x36 libs/bitlash.o
                0x00003e44                _Z2spm
 .text._Z5speolv
                0x00003e7a        0x8 libs/bitlash.o
                0x00003e7a                _Z5speolv
 .text._Z12pointToErrorv
                0x00003e82       0x42 libs/bitlash.o
                0x00003e82                _Z12pointToErrorv
 .text._Z19show_user_functionsv
                0x00003ec4       0x2a libs/bitlash.o
                0x00003ec4                _Z19show_user_functionsv
 .text._Z5msgplh
                0x00003eee        0x4 libs/bitlash.o
                0x00003eee                _Z5msgplh
 .text._Z5speolPKc
                0x00003ef2        0x4 libs/bitlash.o
                0x00003ef2                _Z5speolPKc
 .text._Z5speolRK6String
                0x00003ef6        0x4 libs/bitlash.o
                0x00003ef6                _Z5speolRK6String
 .text._Z5speolj
                0x00003efa        0x4 libs/bitlash.o
                0x00003efa                _Z5speolj
 .text._Z18printIntegerInBasemhlh
                0x00003efe      0x118 libs/bitlash.o
                0x00003efe                _Z18printIntegerInBasemhlh
 .text._Z12printIntegerllh
                0x00004016       0x78 libs/bitlash.o
                0x00004016                _Z12printIntegerllh
 .text._Z6getsymv
                0x0000408e       0x62 libs/bitlash.o
                0x0000408e                _Z6getsymv
 .text._Z8printHexm
                0x000040f0       0x1c libs/bitlash.o
                0x000040f0                _Z8printHexm
 .text._Z14markparsepointP10parsepoint
                0x0000410c       0x56 libs/bitlash.o
                0x0000410c                _Z14markparsepointP10parsepoint
 .text._Z2tbv   0x00004162       0x4c libs/bitlash.o
                0x00004162                _Z2tbv
 .text._Z6fatal2cc
                0x000041ae       0x32 libs/bitlash.o
                0x000041ae                _Z6fatal2cc
 .text._Z5fatalc
                0x000041e0        0x4 libs/bitlash.o
                0x000041e0                _Z5fatalc
 .text._Z12expectedcharh
                0x000041e4        0x6 libs/bitlash.o
                0x000041e4                _Z12expectedcharh
 .text._Z8expectedh
                0x000041ea        0x6 libs/bitlash.o
                0x000041ea                _Z8expectedh
 .text._Z10unexpectedh
                0x000041f0        0x6 libs/bitlash.o
                0x000041f0                _Z10unexpectedh
 .text._Z6chkpinc
                0x000041f6        0xa libs/bitlash.o
                0x000041f6                _Z6chkpinc
 .text._Z7setBaudlm
                0x00004200       0x9c libs/bitlash.o
                0x00004200                _Z7setBaudlm
 .text._Z9setOutputh
                0x0000429c       0x3a libs/bitlash.o
                0x0000429c                _Z9setOutputh
 .text._Z6badsymv
                0x000042d6        0x4 libs/bitlash.o
                0x000042d6                _Z6badsymv
 .text._Z7missingh
                0x000042da        0x6 libs/bitlash.o
                0x000042da                _Z7missingh
 .text._Z7reqargsh
                0x000042e0       0x26 libs/bitlash.o
                0x000042e0                _Z7reqargsh
 .text._Z9func_beepv
                0x00004306      0x11a libs/bitlash.o
                0x00004306                _Z9func_beepv
 .text._Z11func_randomv
                0x00004420       0xda libs/bitlash.o
                0x00004420                _Z11func_randomv
 .text._Z8func_inbv
                0x000044fa       0x1e libs/bitlash.o
                0x000044fa                _Z8func_inbv
 .text._Z9func_outbv
                0x00004518       0x26 libs/bitlash.o
                0x00004518                _Z9func_outbv
 .text._Z8func_absv
                0x0000453e       0x2a libs/bitlash.o
                0x0000453e                _Z8func_absv
 .text._Z9func_signv
                0x00004568       0x3c libs/bitlash.o
                0x00004568                _Z9func_signv
 .text._Z8func_minv
                0x000045a4       0x3c libs/bitlash.o
                0x000045a4                _Z8func_minv
 .text._Z8func_maxv
                0x000045e0       0x3c libs/bitlash.o
                0x000045e0                _Z8func_maxv
 .text._Z14func_constrainv
                0x0000461c       0x54 libs/bitlash.o
                0x0000461c                _Z14func_constrainv
 .text._Z7func_arv
                0x00004670       0x20 libs/bitlash.o
                0x00004670                _Z7func_arv
 .text._Z7func_awv
                0x00004690       0x24 libs/bitlash.o
                0x00004690                _Z7func_awv
 .text._Z7func_drv
                0x000046b4       0x20 libs/bitlash.o
                0x000046b4                _Z7func_drv
 .text._Z7func_dwv
                0x000046d4       0x24 libs/bitlash.o
                0x000046d4                _Z7func_dwv
 .text._Z12func_pinmodev
                0x000046f8       0x24 libs/bitlash.o
                0x000046f8                _Z12func_pinmodev
 .text._Z12func_pulseinv
                0x0000471c       0x26 libs/bitlash.o
                0x0000471c                _Z12func_pulseinv
 .text._Z10func_delayv
                0x00004742       0x22 libs/bitlash.o
                0x00004742                _Z10func_delayv
 .text._Z12func_setBaudv
                0x00004764       0x2c libs/bitlash.o
                0x00004764                _Z12func_setBaudv
 .text._Z13func_bitclearv
                0x00004790       0x4c libs/bitlash.o
                0x00004790                _Z13func_bitclearv
 .text._Z11func_bitsetv
                0x000047dc       0x44 libs/bitlash.o
                0x000047dc                _Z11func_bitsetv
 .text._Z12func_bitreadv
                0x00004820       0x36 libs/bitlash.o
                0x00004820                _Z12func_bitreadv
 .text._Z13func_bitwritev
                0x00004856       0x22 libs/bitlash.o
                0x00004856                _Z13func_bitwritev
 .text._Z6getargl
                0x00004878       0x42 libs/bitlash.o
                0x00004878                _Z6getargl
 .text._Z8isstringv
                0x000048ba       0x64 libs/bitlash.o
                0x000048ba                _Z8isstringv
 .text._Z12getstringargl
                0x0000491e       0x28 libs/bitlash.o
                0x0000491e                _Z12getstringargl
 .text._Z9underflowh
                0x00004946        0x4 libs/bitlash.o
                0x00004946                _Z9underflowh
 .text._Z4vpopv
                0x0000494a       0x28 libs/bitlash.o
                0x0000494a                _Z4vpopv
 .text._Z15releaseargblockv
                0x00004972       0x2e libs/bitlash.o
                0x00004972                _Z15releaseargblockv
 .text._Z8overflowh
                0x000049a0        0x4 libs/bitlash.o
                0x000049a0                _Z8overflowh
 .text._Z18addBitlashFunctionPKcPFlvE
                0x000049a4       0x28 libs/bitlash.o
                0x000049a4                _Z18addBitlashFunctionPKcPFlvE
 .text._Z5spushc
                0x000049cc       0x34 libs/bitlash.o
                0x000049cc                _Z5spushc
 .text._Z7strpushPc
                0x00004a00       0x16 libs/bitlash.o
                0x00004a00                _Z7strpushPc
 .text._Z5vpushl
                0x00004a16       0x32 libs/bitlash.o
                0x00004a16                _Z5vpushl
 .text._Z5vinitv
                0x00004a48       0x2a libs/bitlash.o
                0x00004a48                _Z5vinitv
 .text._Z3voph  0x00004a72      0x1c0 libs/bitlash.o
                0x00004a72                _Z3voph
 .text._Z11printBinarym
                0x00004c32       0x1c libs/bitlash.o
                0x00004c32                _Z11printBinarym
 .text._Z19func_printf_handlerhh
                0x00004c4e      0x2e4 libs/bitlash.o
                0x00004c4e                _Z19func_printf_handlerhh
 .text._Z11func_printfv
                0x00004f32        0x6 libs/bitlash.o
                0x00004f32                _Z11func_printfv
 .text._Z12initTaskListv
                0x00004f38       0x10 libs/bitlash.o
                0x00004f38                _Z12initTaskListv
 .text._Z8stopTaskh
                0x00004f48       0x1a libs/bitlash.o
                0x00004f48                _Z8stopTaskh
 .text._Z9startTaskil
                0x00004f62       0x7c libs/bitlash.o
                0x00004f62                _Z9startTaskil
 .text._Z6snoozem
                0x00004fde       0x26 libs/bitlash.o
                0x00004fde                _Z6snoozem
 .text._Z11func_snoozev
                0x00005004       0x20 libs/bitlash.o
                0x00005004                _Z11func_snoozev
 .text._Z7eewriteih
                0x00005024        0xe libs/bitlash.o
                0x00005024                _Z7eewriteih
 .text._Z10saveStringiPc
                0x00005032       0x4c libs/bitlash.o
                0x00005032                _Z10saveStringiPc
 .text._Z7func_ewv
                0x0000507e       0x24 libs/bitlash.o
                0x0000507e                _Z7func_ewv
 .text._Z6eereadi
                0x000050a2       0x10 libs/bitlash.o
                0x000050a2                _Z6eereadi
 .text._Z12findoccupiedi
                0x000050b2       0x28 libs/bitlash.o
                0x000050b2                _Z12findoccupiedi
 .text._Z14findunoccupiedi
                0x000050da       0x28 libs/bitlash.o
                0x000050da                _Z14findunoccupiedi
 .text._Z8findholei
                0x00005102       0x56 libs/bitlash.o
                0x00005102                _Z8findholei
 .text._Z7findendi
                0x00005158       0x3e libs/bitlash.o
                0x00005158                _Z7findendi
 .text._Z10eestrmatchiPc
                0x00005196       0x40 libs/bitlash.o
                0x00005196                _Z10eestrmatchiPc
 .text._Z7findKeyPc
                0x000051d6       0x44 libs/bitlash.o
                0x000051d6                _Z7findKeyPc
 .text._Z10findscriptPc
                0x0000521a       0x46 libs/bitlash.o
                0x0000521a                _Z10findscriptPc
 .text._Z8erasestri
                0x00005260       0x40 libs/bitlash.o
                0x00005260                _Z8erasestri
 .text._Z10eraseentryPc
                0x000052a0        0xc libs/bitlash.o
                0x000052a0                _Z10eraseentryPc
 .text._Z12cmd_functionv
                0x000052ac      0x12c libs/bitlash.o
                0x000052ac                _Z12cmd_functionv
 .text._Z6eeputsi
                0x000053d8       0x28 libs/bitlash.o
                0x000053d8                _Z6eeputsi
 .text._Z6cmd_lsv
                0x00005400       0x54 libs/bitlash.o
                0x00005400                _Z6cmd_lsv
 .text._Z12showTaskListv
                0x00005454       0x6e libs/bitlash.o
                0x00005454                _Z12showTaskListv
 .text._Z8cmd_peepv
                0x000054c2       0xb0 libs/bitlash.o
                0x000054c2                _Z8cmd_peepv
 .text._Z7func_erv
                0x00005572       0x20 libs/bitlash.o
                0x00005572                _Z7func_erv
 .text._Z10nukeeepromv
                0x00005592       0x28 libs/bitlash.o
                0x00005592                _Z10nukeeepromv
 .text._Z6primecv
                0x000055ba       0x74 libs/bitlash.o
                0x000055ba                _Z6primecv
 .text._Z14initparsepointhlPc
                0x0000562e       0x90 libs/bitlash.o
                0x0000562e                _Z14initparsepointhlPc
 .text._Z18returntoparsepointP10parsepointh
                0x000056be       0x40 libs/bitlash.o
                0x000056be                _Z18returntoparsepointP10parsepointh
 .text._Z6fetchcv
                0x000056fe       0x50 libs/bitlash.o
                0x000056fe                _Z6fetchcv
 .text._Z8skpwhitev
                0x0000574e       0x12 libs/bitlash.o
                0x0000574e                _Z8skpwhitev
 .text._Z11skipcommentv
                0x00005760       0x32 libs/bitlash.o
                0x00005760                _Z11skipcommentv
 .text._Z8chrconstv
                0x00005792       0x2e libs/bitlash.o
                0x00005792                _Z8chrconstv
 .text._Z7parseopv
                0x000057c0       0x42 libs/bitlash.o
                0x000057c0                _Z7parseopv
 .text._Z6litsymv
                0x00005802        0x6 libs/bitlash.o
                0x00005802                _Z6litsymv
 .text._Z8parsenumv
                0x00005808      0x102 libs/bitlash.o
                0x00005808                _Z8parsenumv
 .text._Z7parseidv
                0x0000590a      0x162 libs/bitlash.o
                0x0000590a                _Z7parseidv
 .text._Z11parsestringPFvcE
                0x00005a6c       0x9e libs/bitlash.o
                0x00005a6c                _Z11parsestringPFvcE
 .text._Z13skipstatementv
                0x00005b0a       0xf0 libs/bitlash.o
                0x00005b0a                _Z13skipstatementv
 .text._Z11func_getkeyv
                0x00005bfa       0x46 libs/bitlash.o
                0x00005bfa                _Z11func_getkeyv
 .text._Z11func_getnumv
                0x00005c40      0x160 libs/bitlash.o
                0x00005c40                _Z11func_getnumv
 .text._Z8chkbreakv
                0x00005da0       0x54 libs/bitlash.o
                0x00005da0                _Z8chkbreakv
 .text._Z12getstatementv
                0x00005df4      0x2a0 libs/bitlash.o
                0x00005df4                _Z12getstatementv
 .text._Z16getstatementlistv
                0x00006094       0x18 libs/bitlash.o
                0x00006094                _Z16getstatementlistv
 .text._Z10execscripthlPc
                0x000060ac       0xe0 libs/bitlash.o
                0x000060ac                _Z10execscripthlPc
 .text._Z18callscriptfunctionhl
                0x0000618c       0x58 libs/bitlash.o
                0x0000618c                _Z18callscriptfunctionhl
 .text._Z9getfactorv
                0x000061e4      0x372 libs/bitlash.o
                0x000061e4                _Z9getfactorv
 .text._Z7gettermv
                0x00006556       0x38 libs/bitlash.o
                0x00006556                _Z7gettermv
 .text._Z10getsimpexpv
                0x0000658e       0x32 libs/bitlash.o
                0x0000658e                _Z10getsimpexpv
 .text._Z11getshiftexpv
                0x000065c0       0x32 libs/bitlash.o
                0x000065c0                _Z11getshiftexpv
 .text._Z9getrelexpv
                0x000065f2       0x2e libs/bitlash.o
                0x000065f2                _Z9getrelexpv
 .text._Z11getbitopexpv
                0x00006620       0x38 libs/bitlash.o
                0x00006620                _Z11getbitopexpv
 .text._Z13getexpressionv
                0x00006658       0x4c libs/bitlash.o
                0x00006658                _Z13getexpressionv
 .text._Z6getnumv
                0x000066a4       0x22 libs/bitlash.o
                0x000066a4                _Z6getnumv
 .text._Z12parsearglistv
                0x000066c6      0x130 libs/bitlash.o
                0x000066c6                _Z12parsearglistv
 .text._Z14dofunctioncallh
                0x000067f6       0x66 libs/bitlash.o
                0x000067f6                _Z14dofunctioncallh
 .text._Z9cmd_printv
                0x0000685c      0x186 libs/bitlash.o
                0x0000685c                _Z9cmd_printv
 .text._Z18runBackgroundTasksv
                0x000069e2       0xd0 libs/bitlash.o
                0x000069e2                _Z18runBackgroundTasksv
 .text._Z9doCommandPc
                0x00006ab2       0x12 libs/bitlash.o
                0x00006ab2                _Z9doCommandPc
 .text._Z6promptv
                0x00006ac4       0x54 libs/bitlash.o
                0x00006ac4                _Z6promptv
 .text._Z13displayBannerv
                0x00006b18        0x6 libs/bitlash.o
                0x00006b18                _Z13displayBannerv
 .text._Z8cmd_helpv
                0x00006b1e       0x30 libs/bitlash.o
                0x00006b1e                _Z8cmd_helpv
 .text._Z18getswitchstatementv
                0x00006b4e      0x12c libs/bitlash.o
                0x00006b4e                _Z18getswitchstatementv
 .text._Z8initlbufv
                0x00006c7a       0x26 libs/bitlash.o
                0x00006c7a                _Z8initlbufv
 .text._Z11doCharacterc
                0x00006ca0       0xc8 libs/bitlash.o
                0x00006ca0                _Z11doCharacterc
 .text._Z11initBitlashm
                0x00006d68       0x40 libs/bitlash.o
                0x00006d68                _Z11initBitlashm
 .text._Z10runBitlashv
                0x00006da8       0x24 libs/bitlash.o
                0x00006da8                _Z10runBitlashv
 .text._ZN8GSClient5writeEh
                0x00006dcc       0x2c libs/GSClient.o
                0x00006dcc                _ZN8GSClient5writeEh
 .text._ZN8GSClient5flushEv
                0x00006df8        0x2 libs/GSClient.o
                0x00006df8                _ZN8GSClient5flushEv
 .text._ZN8GSClientcvbEv
                0x00006dfa       0x10 libs/GSClient.o
                0x00006dfa                _ZN8GSClientcvbEv
 .text._ZN8GSClient5writeEPKhj
                0x00006e0a       0x2a libs/GSClient.o
                0x00006e0a                _ZN8GSClient5writeEPKhj
 .text._ZN8GSClient9availableEv
                0x00006e34        0xc libs/GSClient.o
                0x00006e34                _ZN8GSClient9availableEv
 .text._ZN8GSClient4readEv
                0x00006e40        0xa libs/GSClient.o
                0x00006e40                _ZN8GSClient4readEv
 .text._ZN8GSClient4readEPhj
                0x00006e4a        0xe libs/GSClient.o
                0x00006e4a                _ZN8GSClient4readEPhj
 .text._ZN8GSClient4peekEv
                0x00006e58        0xc libs/GSClient.o
                0x00006e58                _ZN8GSClient4peekEv
 .text._ZN8GSClient4stopEv
                0x00006e64        0xc libs/GSClient.o
                0x00006e64                _ZN8GSClient4stopEv
 .text._ZN8GSClient9connectedEv
                0x00006e70       0x38 libs/GSClient.o
                0x00006e70                _ZN8GSClient9connectedEv
 .text._ZN8GSClientaSEh
                0x00006ea8        0x6 libs/GSClient.o
                0x00006ea8                _ZN8GSClientaSEh
 .text.startup._GLOBAL__sub_I__ZN8GSClient5writeEh
                0x00006eae       0x16 libs/GSClient.o
 .text._ZN6GSCore11parseNumberEPjPKhhh.part.6
                0x00006ec4       0x64 libs/GSCore.o
 .text._ZN14HardwareSerial5writeEi
                0x00006f28        0xe libs/GSCore.o
                0x00006f28                _ZN14HardwareSerial5writeEi
 .text._ZN6GSCoreC2Ev
                0x00006f36       0x34 libs/GSCore.o
                0x00006f36                _ZN6GSCoreC2Ev
                0x00006f36                _ZN6GSCoreC1Ev
 .text._ZN6GSCore11transferSpiEh
                0x00006f6a       0x2e libs/GSCore.o
                0x00006f6a                _ZN6GSCore11transferSpiEh
 .text._ZN6GSCore14parseIpAddressEP9IPAddressPKcj
                0x00006f98       0xa8 libs/GSCore.o
                0x00006f98                _ZN6GSCore14parseIpAddressEP9IPAddressPKcj
 .text._ZN6GSCore17processSpiSpecialEh
                0x00007040       0x60 libs/GSCore.o
                0x00007040                _ZN6GSCore17processSpiSpecialEh
 .text._ZN6GSCore7readRawEv
                0x000070a0       0xb8 libs/GSCore.o
                0x000070a0                _ZN6GSCore7readRawEv
 .text._ZN6GSCore12isSpiSpecialEh
                0x00007158       0x26 libs/GSCore.o
                0x00007158                _ZN6GSCore12isSpiSpecialEh
 .text._ZN6GSCore15loadFrameHeaderEPNS_7RXFrameE
                0x0000717e       0x46 libs/GSCore.o
                0x0000717e                _ZN6GSCore15loadFrameHeaderEPNS_7RXFrameE
 .text._ZN6GSCore7getDataEv
                0x000071c4       0x80 libs/GSCore.o
                0x000071c4                _ZN6GSCore7getDataEv
 .text._ZN6GSCore17processDisconnectEh
                0x00007244       0x3e libs/GSCore.o
                0x00007244                _ZN6GSCore17processDisconnectEh
 .text._ZN6GSCore21processDisassociationEv
                0x00007282       0x6e libs/GSCore.o
                0x00007282                _ZN6GSCore21processDisassociationEv
 .text._ZN6GSCore18processAssociationEv
                0x000072f0       0x36 libs/GSCore.o
                0x000072f0                _ZN6GSCore18processAssociationEv
 .text._ZN6GSCore14processConnectEhmjjb
                0x00007326       0xbc libs/GSCore.o
                0x00007326                _ZN6GSCore14processConnectEhmjjb
 .text._ZN6GSCore11parseNumberEPjPKhhh
                0x000073e2        0xe libs/GSCore.o
                0x000073e2                _ZN6GSCore11parseNumberEPjPKhhh
 .text._ZN6GSCore11parseNumberEPhPKhhh
                0x000073f0       0x3e libs/GSCore.o
                0x000073f0                _ZN6GSCore11parseNumberEPhPKhhh
 .text._ZN6GSCore19processResponseLineEPKhhPh
                0x0000742e       0xfa libs/GSCore.o
                0x0000742e                _ZN6GSCore19processResponseLineEPKhhPh
 .text._ZN6GSCore12processAsyncEv
                0x00007528      0x152 libs/GSCore.o
                0x00007528                _ZN6GSCore12processAsyncEv
 .text._ZN6GSCore15processIncomingEi
                0x0000767a      0x3ba libs/GSCore.o
                0x0000767a                _ZN6GSCore15processIncomingEi
 .text._ZN6GSCore16readDataResponseEv
                0x00007a34       0x8c libs/GSCore.o
                0x00007a34                _ZN6GSCore16readDataResponseEv
 .text._ZN6GSCore8writeRawEPKhj
                0x00007ac0       0xc0 libs/GSCore.o
                0x00007ac0                _ZN6GSCore8writeRawEPKhj
 .text._ZN6GSCore9writeDataEhPKhj
                0x00007b80       0xdc libs/GSCore.o
                0x00007b80                _ZN6GSCore9writeDataEhPKhj
 .text._ZN6GSCore12writeCommandEPKcPv
                0x00007c5c       0xaa libs/GSCore.o
                0x00007c5c                _ZN6GSCore12writeCommandEPKcPv
 .text._ZN6GSCore12writeCommandEPKcz
                0x00007d06       0x1e libs/GSCore.o
                0x00007d06                _ZN6GSCore12writeCommandEPKcz
 .text._ZN6GSCore14getFrameHeaderEh
                0x00007d24       0xd4 libs/GSCore.o
                0x00007d24                _ZN6GSCore14getFrameHeaderEh
 .text._ZN6GSCore8readDataEh
                0x00007df8       0x4c libs/GSCore.o
                0x00007df8                _ZN6GSCore8readDataEh
 .text._ZN6GSCore8readDataEhPhj
                0x00007e44      0x17a libs/GSCore.o
                0x00007e44                _ZN6GSCore8readDataEhPhj
 .text._ZN6GSCore8readDataEPh
                0x00007fbe       0x6c libs/GSCore.o
                0x00007fbe                _ZN6GSCore8readDataEPh
 .text._ZN6GSCore8dropDataEh
                0x0000802a       0x70 libs/GSCore.o
                0x0000802a                _ZN6GSCore8dropDataEh
 .text._ZN6GSCore18bufferIncomingDataEh
                0x0000809a       0x5e libs/GSCore.o
                0x0000809a                _ZN6GSCore18bufferIncomingDataEh
 .text._ZN6GSCore17bufferFrameHeaderEPKNS_7RXFrameE
                0x000080f8      0x104 libs/GSCore.o
                0x000080f8                _ZN6GSCore17bufferFrameHeaderEPKNS_7RXFrameE
 .text._ZN6GSCore13availableDataEh
                0x000081fc       0xb0 libs/GSCore.o
                0x000081fc                _ZN6GSCore13availableDataEh
 .text._ZN6GSCore8peekDataEh
                0x000082ac       0x2c libs/GSCore.o
                0x000082ac                _ZN6GSCore8peekDataEh
 .text._ZN6GSCore19readAndProcessAsyncEv
                0x000082d8       0x36 libs/GSCore.o
                0x000082d8                _ZN6GSCore19readAndProcessAsyncEv
 .text._ZN6GSCore4loopEv
                0x0000830e       0x8e libs/GSCore.o
                0x0000830e                _ZN6GSCore4loopEv
 .text.startup._GLOBAL__sub_I__ZN6GSCoreC2Ev
                0x0000839c       0x16 libs/GSCore.o
 .text._ZL9dump_bytePKcib.constprop.12
                0x000083b2       0x86 libs/GSCore.o
 .text._ZN6GSCore20readResponseInternalEPhPjS0_bPFvPKhjPvES4_
                0x00008438      0x26c libs/GSCore.o
                0x00008438                _ZN6GSCore20readResponseInternalEPhPjS0_bPFvPKhjPvES4_
 .text._ZN6GSCore12readResponseEPh
                0x000086a4       0x54 libs/GSCore.o
                0x000086a4                _ZN6GSCore12readResponseEPh
 .text._ZN6GSCore19writeCommandCheckOkEPKcz
                0x000086f8       0x38 libs/GSCore.o
                0x000086f8                _ZN6GSCore19writeCommandCheckOkEPKcz
 .text._ZN6GSCore6_beginEv
                0x00008730       0xce libs/GSCore.o
                0x00008730                _ZN6GSCore6_beginEv
 .text._ZN6GSCore5beginEhh
                0x000087fe       0x46 libs/GSCore.o
                0x000087fe                _ZN6GSCore5beginEhh
 .text._ZN6GSCore12readResponseEPFvPKhjPvES2_Ph
                0x00008844       0x62 libs/GSCore.o
                0x00008844                _ZN6GSCore12readResponseEPFvPKhjPvES2_Ph
 .text._ZL17parse_ip_responsePKhjPv
                0x000088a6       0x66 libs/GSModule.o
 .text._ZN8GSModule10connectTcpERK9IPAddressj
                0x0000890c       0xd8 libs/GSModule.o
                0x0000890c                _ZN8GSModule10connectTcpERK9IPAddressj
 .text._ZN8GSModule12disassociateEv
                0x000089e4       0x44 libs/GSModule.o
                0x000089e4                _ZN8GSModule12disassociateEv
 .text._ZN8GSModule7setDhcpEbPKc
                0x00008a28       0x50 libs/GSModule.o
                0x00008a28                _ZN8GSModule7setDhcpEbPKc
 .text._ZN8GSModule11setStaticIpERK9IPAddressS2_S2_
                0x00008a78      0x124 libs/GSModule.o
                0x00008a78                _ZN8GSModule11setStaticIpERK9IPAddressS2_S2_
 .text._ZN8GSModule6setDnsERK9IPAddress
                0x00008b9c       0x8c libs/GSModule.o
                0x00008b9c                _ZN8GSModule6setDnsERK9IPAddress
 .text._ZN8GSModule10disconnectEh
                0x00008c28       0x28 libs/GSModule.o
                0x00008c28                _ZN8GSModule10disconnectEh
 .text._ZN8GSModule8timeSyncERK9IPAddressmh
                0x00008c50       0xdc libs/GSModule.o
                0x00008c50                _ZN8GSModule8timeSyncERK9IPAddressmh
 .text._ZN8GSModule9dnsLookupEPKc
                0x00008d2c       0xa0 libs/GSModule.o
                0x00008d2c                _ZN8GSModule9dnsLookupEPKc
 .text._ZN8GSModule9enableTlsEhPKc
                0x00008dcc       0x96 libs/GSModule.o
                0x00008dcc                _ZN8GSModule9enableTlsEhPKc
 .text._ZN8GSModule7addCertEPKcbPKhj
                0x00008e62       0x92 libs/GSModule.o
                0x00008e62                _ZN8GSModule7addCertEPKcbPKhj
 .text._ZN8GSModule20setAutoConnectClientEPKcjNS_8ProtocolE
                0x00008ef4       0x2e libs/GSModule.o
                0x00008ef4                _ZN8GSModule20setAutoConnectClientEPKcjNS_8ProtocolE
 .text._ZN8GSModule6setNcmEbbbNS_7NCMModeE
                0x00008f22       0x68 libs/GSModule.o
                0x00008f22                _ZN8GSModule6setNcmEbbbNS_7NCMModeE
 .text.startup._GLOBAL__sub_I__ZN8GSModule10connectTcpERK9IPAddressj
                0x00008f8a       0x16 libs/GSModule.o
 .text._ZN11GSTcpClient7connectEPKcj
                0x00008fa0        0x6 libs/GSTcpClient.o
                0x00008fa0                _ZN11GSTcpClient7connectEPKcj
 .text._ZN11GSTcpClient9enableTlsEPKc
                0x00008fa6        0xc libs/GSTcpClient.o
                0x00008fa6                _ZN11GSTcpClient9enableTlsEPKc
 .text._ZN11GSTcpClient12sslConnectedEv
                0x00008fb2       0x68 libs/GSTcpClient.o
                0x00008fb2                _ZN11GSTcpClient12sslConnectedEv
 .text._ZN11GSTcpClient7connectE9IPAddressj
                0x0000901a       0x62 libs/GSTcpClient.o
                0x0000901a                _ZN11GSTcpClient7connectE9IPAddressj
 .text.startup._GLOBAL__sub_I__ZN11GSTcpClient7connectE9IPAddressj
                0x0000907c       0x16 libs/GSTcpClient.o
 .text.startup._GLOBAL__sub_I__ZN11GSUdpClient7connectE9IPAddressj
                0x00009092       0x16 libs/GSUdpClient.o
 .text.startup._GLOBAL__sub_I__ZN11GSUdpServer5beginEj
                0x000090a8       0x16 libs/GSUdpServer.o
 .text.j0g      0x000090be       0x4a libs/j0g.o
                0x000090be                j0g
 .text.j0g_safe
                0x00009108       0x7c libs/j0g.o
                0x00009108                j0g_safe
 .text.j0g_val  0x00009184       0xc0 libs/j0g.o
                0x00009184                j0g_val
 .text.j0g_str  0x00009244       0x28 libs/j0g.o
                0x00009244                j0g_str
 .text.js0n     0x0000926c      0x276 libs/js0n.o
                0x0000926c                js0n
 .text.NWK_Init
                0x000094e2       0x40 libs/nwk.o
                0x000094e2                NWK_Init
 .text.NWK_SetAddr
                0x00009522        0xe libs/nwk.o
                0x00009522                NWK_SetAddr
 .text.NWK_SetPanId
                0x00009530        0xe libs/nwk.o
                0x00009530                NWK_SetPanId
 .text.NWK_OpenEndpoint
                0x0000953e       0x12 libs/nwk.o
                0x0000953e                NWK_OpenEndpoint
 .text.NWK_TaskHandler
                0x00009550        0xe libs/nwk.o
                0x00009550                NWK_TaskHandler
 .text.nwkDataReqTxConf
                0x0000955e       0x46 libs/nwkDataReq.o
 .text.nwkDataReqInit
                0x000095a4        0xa libs/nwkDataReq.o
                0x000095a4                nwkDataReqInit
 .text.NWK_DataReq
                0x000095ae       0x42 libs/nwkDataReq.o
                0x000095ae                NWK_DataReq
 .text.nwkDataReqTaskHandler
                0x000095f0      0x196 libs/nwkDataReq.o
                0x000095f0                nwkDataReqTaskHandler
 .text.nwkFrameInit
                0x00009786       0x16 libs/nwkFrame.o
                0x00009786                nwkFrameInit
 .text.nwkFrameAlloc
                0x0000979c       0x6e libs/nwkFrame.o
                0x0000979c                nwkFrameAlloc
 .text.nwkFrameFree
                0x0000980a       0x14 libs/nwkFrame.o
                0x0000980a                nwkFrameFree
 .text.nwkFrameNext
                0x0000981e       0x4a libs/nwkFrame.o
                0x0000981e                nwkFrameNext
 .text.nwkFrameCommandInit
                0x00009868       0x2a libs/nwkFrame.o
                0x00009868                nwkFrameCommandInit
 .text.nwkGroupInit
                0x00009892       0x18 libs/nwkGroup.o
                0x00009892                nwkGroupInit
 .text.NWK_GroupAdd
                0x000098aa       0x48 libs/nwkGroup.o
                0x000098aa                NWK_GroupAdd
 .text.NWK_GroupRemove
                0x000098f2       0x4c libs/nwkGroup.o
                0x000098f2                NWK_GroupRemove
 .text.NWK_GroupIsMember
                0x0000993e       0x34 libs/nwkGroup.o
                0x0000993e                NWK_GroupIsMember
 .text.nwkRouteInit
                0x00009972       0x3e libs/nwkRoute.o
                0x00009972                nwkRouteInit
 .text.NWK_RouteFindEntry
                0x000099b0       0x70 libs/nwkRoute.o
                0x000099b0                NWK_RouteFindEntry
 .text.NWK_RouteNewEntry
                0x00009a20       0x4c libs/nwkRoute.o
                0x00009a20                NWK_RouteNewEntry
 .text.NWK_RouteFreeEntry
                0x00009a6c       0x14 libs/nwkRoute.o
                0x00009a6c                NWK_RouteFreeEntry
 .text.NWK_RouteNextHop
                0x00009a80       0x14 libs/nwkRoute.o
                0x00009a80                NWK_RouteNextHop
 .text.NWK_RouteTable
                0x00009a94        0x6 libs/nwkRoute.o
                0x00009a94                NWK_RouteTable
 .text.nwkRouteUpdateEntry
                0x00009a9a       0x48 libs/nwkRoute.o
                0x00009a9a                nwkRouteUpdateEntry
 .text.nwkRouteRemove
                0x00009ae2        0xa libs/nwkRoute.o
                0x00009ae2                nwkRouteRemove
 .text.nwkRouteFrameReceived
                0x00009aec        0x2 libs/nwkRoute.o
                0x00009aec                nwkRouteFrameReceived
 .text.nwkRouteFrameSent
                0x00009aee       0x84 libs/nwkRoute.o
                0x00009aee                nwkRouteFrameSent
 .text.nwkRoutePrepareTx
                0x00009b72       0x68 libs/nwkRoute.o
                0x00009b72                nwkRoutePrepareTx
 .text.nwkRouteFrame
                0x00009bda       0x9c libs/nwkRoute.o
                0x00009bda                nwkRouteFrame
 .text.nwkRouteErrorReceived
                0x00009c76       0x22 libs/nwkRoute.o
                0x00009c76                nwkRouteErrorReceived
 .text.nwkRouteDiscoveryFindEntry
                0x00009c98       0x6e libs/nwkRouteDiscovery.o
 .text.nwkRouteDiscoveryNewEntry
                0x00009d06       0x6c libs/nwkRouteDiscovery.o
 .text.nwkRouteDiscoveryTimerHandler
                0x00009d72      0x12c libs/nwkRouteDiscovery.o
 .text.nwkRouteDiscoverySendRequest
                0x00009e9e       0x78 libs/nwkRouteDiscovery.o
 .text.nwkRouteDiscoverySendReply
                0x00009f16       0x7e libs/nwkRouteDiscovery.o
 .text.nwkRouteDiscoveryInit
                0x00009f94       0x52 libs/nwkRouteDiscovery.o
                0x00009f94                nwkRouteDiscoveryInit
 .text.nwkRouteDiscoveryRequest
                0x00009fe6       0x6e libs/nwkRouteDiscovery.o
                0x00009fe6                nwkRouteDiscoveryRequest
 .text.nwkRouteDiscoveryRequestReceived
                0x0000a054      0x130 libs/nwkRouteDiscovery.o
                0x0000a054                nwkRouteDiscoveryRequestReceived
 .text.nwkRouteDiscoveryReplyReceived
                0x0000a184       0xb8 libs/nwkRouteDiscovery.o
                0x0000a184                nwkRouteDiscoveryReplyReceived
 .text.nwkRxSeriveDataInd
                0x0000a23c       0x4c libs/nwkRx.o
 .text.nwkRxDuplicateRejectionTimerHandler
                0x0000a288       0x28 libs/nwkRx.o
 .text.nwkRxInit
                0x0000a2b0       0x44 libs/nwkRx.o
                0x0000a2b0                nwkRxInit
 .text.PHY_DataInd
                0x0000a2f4       0x50 libs/nwkRx.o
                0x0000a2f4                PHY_DataInd
 .text.NWK_SetAckControl
                0x0000a344        0x6 libs/nwkRx.o
                0x0000a344                NWK_SetAckControl
 .text.nwkRxDecryptConf
                0x0000a34a       0x14 libs/nwkRx.o
                0x0000a34a                nwkRxDecryptConf
 .text.nwkRxTaskHandler
                0x0000a35e      0x530 libs/nwkRx.o
                0x0000a35e                nwkRxTaskHandler
 .text.nwkSecurityInit
                0x0000a88e        0xe libs/nwkSecurity.o
                0x0000a88e                nwkSecurityInit
 .text.NWK_SetSecurityKey
                0x0000a89c       0x12 libs/nwkSecurity.o
                0x0000a89c                NWK_SetSecurityKey
 .text.nwkSecurityProcess
                0x0000a8ae       0x1e libs/nwkSecurity.o
                0x0000a8ae                nwkSecurityProcess
 .text.SYS_EncryptConf
                0x0000a8cc       0x78 libs/nwkSecurity.o
                0x0000a8cc                SYS_EncryptConf
 .text.nwkSecurityTaskHandler
                0x0000a944      0x1f6 libs/nwkSecurity.o
                0x0000a944                nwkSecurityTaskHandler
 .text.nwkTxDelayTimerHandler
                0x0000ab3a       0x60 libs/nwkTx.o
 .text.nwkTxAckWaitTimerHandler
                0x0000ab9a       0x70 libs/nwkTx.o
 .text.nwkTxInit
                0x0000ac0a       0x5a libs/nwkTx.o
                0x0000ac0a                nwkTxInit
 .text.nwkTxFrame
                0x0000ac64       0xb0 libs/nwkTx.o
                0x0000ac64                nwkTxFrame
 .text.nwkTxBroadcastFrame
                0x0000ad14       0x90 libs/nwkTx.o
                0x0000ad14                nwkTxBroadcastFrame